ARM Linker, 5.03 [Build 76] [MDK-ARM Lite]

==============================================================================

Section Cross References

    sam7.o(STACK) refers (Special) to heapauxi.o(.text) for __use_two_region_memory
    sam7.o(HEAP) refers (Special) to heapauxi.o(.text) for __use_two_region_memory
    sam7.o(RESET) refers (Special) to heapauxi.o(.text) for __use_two_region_memory
    sam7.o(RESET) refers to sam7.o(STACK) for Stack_Top
    sam7.o(RESET) refers to __main.o(!!!main) for __main
    sam7.o(.text) refers (Special) to heapauxi.o(.text) for __use_two_region_memory
    sam7.o(.text) refers to sam7.o(HEAP) for Heap_Mem
    sam7.o(.text) refers to sam7.o(STACK) for Stack_Mem
    experiment_2.o(.text) refers to _printf_percent.o(.ARM.Collect$$_printf_percent$$00000000) for _printf_percent
    experiment_2.o(.text) refers to _printf_x.o(.ARM.Collect$$_printf_percent$$0000000C) for _printf_x
    experiment_2.o(.text) refers to _printf_hex_int.o(.text) for _printf_longlong_hex
    experiment_2.o(.text) refers to _printf_pad.o(.text) for _printf_pre_padding
    experiment_2.o(.text) refers to _printf_f.o(.ARM.Collect$$_printf_percent$$00000003) for _printf_f
    experiment_2.o(.text) refers to printf1.o(x$fpl$printf1) for _printf_fp_dec
    experiment_2.o(.text) refers to _printf_u.o(.ARM.Collect$$_printf_percent$$0000000A) for _printf_u
    experiment_2.o(.text) refers to _printf_dec.o(.text) for _printf_int_dec
    experiment_2.o(.text) refers to assembly_exp1_solution.o(EXAMPLE) for POWERLED_INIT
    experiment_2.o(.text) refers to usart0_solution.o(COMPORT) for USART0_INIT
    experiment_2.o(.text) refers to twi.o(TWIPORT) for TWI_MASTER_INIT
    experiment_2.o(.text) refers to temp.o(TEMPCON) for PA11_INIT
    experiment_2.o(.text) refers to noretval__2printf.o(.text) for __2printf
    experiment_2.o(.text) refers to fflt_noclz.o(x$fpl$ffltu) for __aeabi_ui2f
    experiment_2.o(.text) refers to fdiv.o(x$fpl$fdiv) for __aeabi_fdiv
    experiment_2.o(.text) refers to faddsub_noclz.o(x$fpl$fadd) for __aeabi_fadd
    experiment_2.o(.text) refers to f2d.o(x$fpl$f2d) for __aeabi_f2d
    experiment_2.o(.text) refers to input_integer.o(.text) for Input_Integer
    input_integer.o(.text) refers to usart0_solution.o(COMPORT) for USART0_Receive
    input_integer.o(.text) refers to atoi.o(.text) for atoi
    retarget_solution.o(.text) refers (Special) to use_no_semi.o(.text) for __use_no_semihosting_swi
    retarget_solution.o(.text) refers to usart0_solution.o(COMPORT) for USART0_Transmit
    retarget_solution.o(.data) refers (Special) to use_no_semi.o(.text) for __use_no_semihosting_swi
    assembly_exp1_solution.o(EXAMPLE) refers to assembly_exp1_solution.o(VARIABLES) for INC_VALUE
    __2printf.o(.text) refers to _printf_char_file.o(.text) for _printf_char_file
    __2printf.o(.text) refers to retarget_solution.o(.data) for __stdout
    noretval__2printf.o(.text) refers to _printf_char_file.o(.text) for _printf_char_file
    noretval__2printf.o(.text) refers to retarget_solution.o(.data) for __stdout
    __printf.o(.text) refers to __printf.o(i.__ARM_common_call_via_r1) for __ARM_common_call_via_r1
    __printf.o(.text) refers to _printf_percent.o(.ARM.Collect$$_printf_percent$$00000000) for _printf_percent
    __printf.o(.text) refers to __printf.o(i.__ARM_common_call_via_r2) for __ARM_common_call_via_r2
    _printf_pad.o(.text) refers to __printf.o(i.__ARM_common_call_via_r2) for __ARM_common_call_via_r2
    _printf_dec.o(.text) refers to rtudiv10.o(.text) for __rt_udiv10
    _printf_dec.o(.text) refers to _printf_intcommon.o(.text) for _printf_int_common
    _printf_hex_ll.o(.text) refers to _printf_intcommon.o(.text) for _printf_int_common
    _printf_hex_ll.o(.text) refers to _printf_hex_ll.o(.constdata) for .constdata
    _printf_hex_int.o(.text) refers to _printf_intcommon.o(.text) for _printf_int_common
    _printf_hex_int.o(.text) refers to _printf_hex_int.o(.constdata) for .constdata
    _printf_hex_int_ll.o(.text) refers to _printf_intcommon.o(.text) for _printf_int_common
    _printf_hex_int_ll.o(.text) refers to _printf_hex_int_ll.o(.constdata) for .constdata
    _printf_hex_ptr.o(.text) refers to _printf_intcommon.o(.text) for _printf_int_common
    _printf_hex_ptr.o(.text) refers to _printf_hex_ptr.o(.constdata) for .constdata
    _printf_hex_int_ptr.o(.text) refers to _printf_intcommon.o(.text) for _printf_int_common
    _printf_hex_int_ptr.o(.text) refers to _printf_hex_int_ptr.o(.constdata) for .constdata
    _printf_hex_ll_ptr.o(.text) refers to _printf_intcommon.o(.text) for _printf_int_common
    _printf_hex_ll_ptr.o(.text) refers to _printf_hex_ll_ptr.o(.constdata) for .constdata
    _printf_hex_int_ll_ptr.o(.text) refers to _printf_intcommon.o(.text) for _printf_int_common
    _printf_hex_int_ll_ptr.o(.text) refers to _printf_hex_int_ll_ptr.o(.constdata) for .constdata
[...]
    _printf_fp_dec.o(.text) refers to rtudiv10.o(.text) for __rt_udiv10
    _printf_fp_dec.o(.text) refers (Weak) to _printf_pad.o(.text) for _printf_pre_padding
    _printf_fp_dec.o(.text) refers to __printf.o(i.__ARM_common_call_via_r2) for __ARM_common_call_via_r2
    _printf_fp_dec.o(.text) refers (Weak) to _printf_pad.o(.text) for _printf_pre_padding
    _printf_fp_dec.o(.text) refers to rt_locale_intlibspace.o(.text) for __rt_locale
    _printf_fp_dec.o(.text) refers (Weak) to _printf_pad.o(.text) for _printf_post_padding
    _printf_char_file.o(.text) refers to _printf_char_common.o(.text) for _printf_char_common
    _printf_char_file.o(.text) refers to retarget_solution.o(.text) for ferror
    strtol.o(.text) refers to rt_ctype_table.o(.text) for __rt_ctype_table
    strtol.o(.text) refers to _strtoul.o(.text) for _strtoul
    strtol.o(.text) refers to rt_errno_addr_intlibspace.o(.text) for __aeabi_errno_addr
    dretinf.o(x$fpl$dretinf) refers (Special) to usenofp.o(x$fpl$usenofp) for __I$use$fp
    fnaninf.o(x$fpl$fnaninf) refers (Special) to usenofp.o(x$fpl$usenofp) for __I$use$fp
    fretinf.o(x$fpl$fretinf) refers (Special) to usenofp.o(x$fpl$usenofp) for __I$use$fp
    libspace.o(.text) refers to libspace.o(.bss) for __libspace_start
    rtentry2.o(.ARM.Collect$$rtentry$$00000008) refers to boardinit2.o(.text) for _platform_post_stackheap_init
    rtentry2.o(.ARM.Collect$$rtentry$$0000000A) refers to libinit.o(.ARM.Collect$$libinit$$00000000) for __rt_lib_init
    rtentry2.o(.ARM.Collect$$rtentry$$0000000B) refers to boardinit3.o(.text) for _platform_post_lib_init
    rtentry2.o(.ARM.Collect$$rtentry$$0000000D) refers to exit.o(.text) for exit
    rtentry2.o(.ARM.Collect$$rtentry$$0000000D) refers to experiment_2.o(.text) for main
    rtentry2.o(.ARM.exidx) refers to rtentry2.o(.ARM.Collect$$rtentry$$00000001) for .ARM.Collect$$rtentry$$00000001
    rtentry2.o(.ARM.exidx) refers to rtentry2.o(.ARM.Collect$$rtentry$$00000008) for .ARM.Collect$$rtentry$$00000008
    rtentry2.o(.ARM.exidx) refers to rtentry2.o(.ARM.Collect$$rtentry$$0000000A) for .ARM.Collect$$rtentry$$0000000A
    rtentry2.o(.ARM.exidx) refers to rtentry2.o(.ARM.Collect$$rtentry$$0000000B) for .ARM.Collect$$rtentry$$0000000B
    rtentry2.o(.ARM.exidx) refers to rtentry2.o(.ARM.Collect$$rtentry$$0000000D) for .ARM.Collect$$rtentry$$0000000D
    rtentry4.o(.ARM.Collect$$rtentry$$00000004) refers to sys_stackheap_outer.o(.text) for __user_setup_stackheap
    rtentry4.o(.ARM.exidx) refers to rtentry4.o(.ARM.Collect$$rtentry$$00000004) for .ARM.Collect$$rtentry$$00000004
    rt_ctype_table.o(.text) refers to rt_locale_intlibspace.o(.text) for __rt_locale
    rt_ctype_table.o(.text) refers to lc_ctype_c.o(locale$$code) for _get_lc_ctype
    rt_locale.o(.text) refers to rt_locale.o(.bss) for __rt_locale_data
    rt_locale_intlibspace.o(.text) refers to libspace.o(.bss) for __libspace_start
    _printf_char_common.o(.text) refers to __printf_wp.o(.text) for __printf
    _printf_fp_infnan.o(.text) refers (Weak) to _printf_pad.o(.text) for _printf_pre_padding
    _printf_fp_infnan.o(.text) refers to __printf.o(i.__ARM_common_call_via_r2) for __ARM_common_call_via_r2
    _printf_fp_infnan.o(.text) refers (Weak) to _printf_pad.o(.text) for _printf_post_padding
    _strtoul.o(.text) refers to _chval.o(.text) for _chval
    _strtoul.o(.text) refers to rt_errno_addr_intlibspace.o(.text) for __aeabi_errno_addr
    bigflt0.o(.text) refers (Special) to usenofp.o(x$fpl$usenofp) for __I$use$fp
    bigflt0.o(.text) refers to aeabi_sdiv.o(.text) for __aeabi_idivmod
    bigflt0.o(.text) refers to btod.o(CL$$btod_emul) for _btod_emul
    bigflt0.o(.text) refers to btod.o(CL$$btod_ediv) for _btod_ediv
    bigflt0.o(.text) refers to bigflt0.o(.constdata) for .constdata
    bigflt0.o(.constdata) refers (Special) to usenofp.o(x$fpl$usenofp) for __I$use$fp
    btod.o(CL$$btod_d2e) refers (Special) to usenofp.o(x$fpl$usenofp) for __I$use$fp
    btod.o(CL$$btod_d2e) refers to btod.o(CL$$btod_d2e_norm_op1) for _d2e_norm_op1
    btod.o(CL$$btod_d2e_norm_op1) refers (Special) to usenofp.o(x$fpl$usenofp) for __I$use$fp
    btod.o(CL$$btod_d2e_norm_op1) refers to btod.o(CL$$btod_d2e_denorm_low) for _d2e_denorm_low
    btod.o(CL$$btod_d2e_denorm_low) refers (Special) to usenofp.o(x$fpl$usenofp) for __I$use$fp
    btod.o(CL$$btod_emul) refers (Special) to usenofp.o(x$fpl$usenofp) for __I$use$fp
    btod.o(CL$$btod_emul) refers to btod.o(CL$$btod_mult_common) for __btod_mult_common
    btod.o(CL$$btod_emul) refers to btod.o(CL$$btod_e2e) for _e2e
    btod.o(CL$$btod_ediv) refers (Special) to usenofp.o(x$fpl$usenofp) for __I$use$fp
    btod.o(CL$$btod_ediv) refers to btod.o(CL$$btod_div_common) for __btod_div_common
    btod.o(CL$$btod_ediv) refers to btod.o(CL$$btod_e2e) for _e2e
    btod.o(CL$$btod_emuld) refers (Special) to usenofp.o(x$fpl$usenofp) for __I$use$fp
    btod.o(CL$$btod_emuld) refers to btod.o(CL$$btod_mult_common) for __btod_mult_common
    btod.o(CL$$btod_emuld) refers to btod.o(CL$$btod_e2d) for _e2d
    btod.o(CL$$btod_edivd) refers (Special) to usenofp.o(x$fpl$usenofp) for __I$use$fp
    btod.o(CL$$btod_edivd) refers to btod.o(CL$$btod_div_common) for __btod_div_common
    btod.o(CL$$btod_edivd) refers to btod.o(CL$$btod_e2d) for _e2d
    btod.o(CL$$btod_e2e) refers (Special) to usenofp.o(x$fpl$usenofp) for __I$use$fp
    btod.o(CL$$btod_e2d) refers (Special) to usenofp.o(x$fpl$usenofp) for __I$use$fp
    btod.o(CL$$btod_e2d) refers to btod.o(CL$$btod_e2e) for _e2e
    btod.o(CL$$btod_mult_common) refers (Special) to usenofp.o(x$fpl$usenofp) for __I$use$fp
    btod.o(CL$$btod_div_common) refers (Special) to usenofp.o(x$fpl$usenofp) for __I$use$fp
    lc_numeric_c.o(locale$$data) refers (Special) to libinit2.o(.ARM.Collect$$libinit$$00000014) for __rt_lib_init_lc_numeric_2
    lc_numeric_c.o(locale$$code) refers (Special) to libinit2.o(.ARM.Collect$$libinit$$00000014) for __rt_lib_init_lc_numeric_2
    lc_numeric_c.o(locale$$code) refers to strcmp.o(.text) for strcmp
    lc_numeric_c.o(locale$$code) refers to lc_numeric_c.o(locale$$data) for __lcnum_c_name
    istatus.o(x$fpl$ieeestatus) refers (Special) to usenofp.o(x$fpl$usenofp) for __I$use$fp
    fpclassify.o(i.__ARM_fpclassify) refers (Special) to usenofp.o(x$fpl$usenofp) for __I$use$fp
    sys_stackheap_outer.o(.text) refers to libspace.o(.text) for __user_perproc_libspace
    sys_stackheap_outer.o(.text) refers to sam7.o(.text) for __user_initial_stackheap
    __printf_nopercent.o(.text) refers to __printf_nopercent.o(i.__ARM_common_call_via_r7) for __ARM_common_call_via_r7
    __printf_nopercent.o(.text) refers to __printf_nopercent.o(i.__ARM_common_call_via_r5) for __ARM_common_call_via_r5
    lc_ctype_c.o(locale$$data) refers (Special) to libinit2.o(.ARM.Collect$$libinit$$00000010) for __rt_lib_init_lc_ctype_2
    lc_ctype_c.o(locale$$code) refers (Special) to libinit2.o(.ARM.Collect$$libinit$$00000010) for __rt_lib_init_lc_ctype_2
    lc_ctype_c.o(locale$$code) refers to strcmp.o(.text) for strcmp
    lc_ctype_c.o(locale$$code) refers to lc_ctype_c.o(locale$$data) for __lcctype_c_name
    exit.o(.text) refers to rtexit.o(.ARM.Collect$$rtexit$$00000000) for __rt_exit
    aeabi_sdiv.o(.text_udiv) refers to aeabi_sdiv.o(.text) for __arm_div2
    aeabi_sdiv_div0.o(.text_udiv) refers to aeabi_sdiv_div0.o(.text) for __arm_div2
    libinit.o(.ARM.Collect$$libinit$$00000000) refers (Special) to libinit2.o(.ARM.Collect$$libinit$$0000002C) for __rt_lib_init_alloca_1
    libinit.o(.ARM.Collect$$libinit$$00000000) refers (Special) to libinit2.o(.ARM.Collect$$libinit$$0000002A) for __rt_lib_init_argv_1
    libinit.o(.ARM.Collect$$libinit$$00000000) refers (Special) to libinit2.o(.ARM.Collect$$libinit$$00000019) for __rt_lib_init_atexit_1
    libinit.o(.ARM.Collect$$libinit$$00000000) refers (Special) to libinit2.o(.ARM.Collect$$libinit$$0000001F) for __rt_lib_init_clock_1
    libinit.o(.ARM.Collect$$libinit$$00000000) refers (Special) to libinit2.o(.ARM.Collect$$libinit$$00000030) for __rt_lib_init_cpp_1
    libinit.o(.ARM.Collect$$libinit$$00000000) refers (Special) to libinit2.o(.ARM.Collect$$libinit$$0000002E) for __rt_lib_init_exceptions_1
    libinit.o(.ARM.Collect$$libinit$$00000000) refers (Special) to libinit2.o(.ARM.Collect$$libinit$$00000002) for __rt_lib_init_fp_1
    libinit.o(.ARM.Collect$$libinit$$00000000) refers (Special) to libinit2.o(.ARM.Collect$$libinit$$0000001D) for __rt_lib_init_fp_trap_1
    libinit.o(.ARM.Collect$$libinit$$00000000) refers (Special) to libinit2.o(.ARM.Collect$$libinit$$00000021) for __rt_lib_init_getenv_1
    libinit.o(.ARM.Collect$$libinit$$00000000) refers (Special) to libinit2.o(.ARM.Collect$$libinit$$00000008) for __rt_lib_init_heap_1
    libinit.o(.ARM.Collect$$libinit$$00000000) refers (Special) to libinit2.o(.ARM.Collect$$libinit$$0000000F) for __rt_lib_init_lc_collate_1
    libinit.o(.ARM.Collect$$libinit$$00000000) refers (Special) to libinit2.o(.ARM.Collect$$libinit$$00000011) for __rt_lib_init_lc_ctype_1
    libinit.o(.ARM.Collect$$libinit$$00000000) refers (Special) to libinit2.o(.ARM.Collect$$libinit$$00000013) for __rt_lib_init_lc_monetary_1
    libinit.o(.ARM.Collect$$libinit$$00000000) refers (Special) to libinit2.o(.ARM.Collect$$libinit$$00000015) for __rt_lib_init_lc_numeric_1
    libinit.o(.ARM.Collect$$libinit$$00000000) refers (Special) to libinit2.o(.ARM.Collect$$libinit$$00000017) for __rt_lib_init_lc_time_1
    libinit.o(.ARM.Collect$$libinit$$00000000) refers (Special) to libinit2.o(.ARM.Collect$$libinit$$0000000C) for __rt_lib_init_rand_1
    libinit.o(.ARM.Collect$$libinit$$00000000) refers (Special) to libinit2.o(.ARM.Collect$$libinit$$00000031) for __rt_lib_init_return
    libinit.o(.ARM.Collect$$libinit$$00000000) refers (Special) to libinit2.o(.ARM.Collect$$libinit$$0000001B) for __rt_lib_init_signal_1
    libinit.o(.ARM.Collect$$libinit$$00000000) refers (Special) to libinit2.o(.ARM.Collect$$libinit$$00000023) for __rt_lib_init_stdio_1
    libinit.o(.ARM.Collect$$libinit$$00000000) refers (Special) to libinit2.o(.ARM.Collect$$libinit$$0000000A) for __rt_lib_init_user_alloc_1
    libinit2.o(.ARM.Collect$$libinit$$00000001) refers to fpinit.o(x$fpl$fpinit) for _fp_init
    libinit2.o(.ARM.Collect$$libinit$$0000000D) refers (Weak) to rt_locale_intlibspace.o(.text) for __rt_locale
    libinit2.o(.ARM.Collect$$libinit$$0000000E) refers to libinit2.o(.ARM.Collect$$libinit$$0000000D) for .ARM.Collect$$libinit$$0000000D
    libinit2.o(.ARM.Collect$$libinit$$00000010) refers to libinit2.o(.ARM.Collect$$libinit$$0000000D) for .ARM.Collect$$libinit$$0000000D
    libinit2.o(.ARM.Collect$$libinit$$00000010) refers (Weak) to lc_ctype_c.o(locale$$code) for _get_lc_ctype
    libinit2.o(.ARM.Collect$$libinit$$00000012) refers to libinit2.o(.ARM.Collect$$libinit$$0000000D) for .ARM.Collect$$libinit$$0000000D
    libinit2.o(.ARM.Collect$$libinit$$00000014) refers to libinit2.o(.ARM.Collect$$libinit$$0000000D) for .ARM.Collect$$libinit$$0000000D
    libinit2.o(.ARM.Collect$$libinit$$00000014) refers (Weak) to lc_numeric_c.o(locale$$code) for _get_lc_numeric
    libinit2.o(.ARM.Collect$$libinit$$00000016) refers to libinit2.o(.ARM.Collect$$libinit$$0000000D) for .ARM.Collect$$libinit$$0000000D
    libinit2.o(.ARM.Collect$$libinit$$00000024) refers to argv_veneer.o(.emb_text) for __ARM_argv_veneer
    libinit2.o(.ARM.Collect$$libinit$$00000025) refers to argv_veneer.o(.emb_text) for __ARM_argv_veneer
    rtexit.o(.ARM.Collect$$rtexit$$00000000) refers (Special) to rtexit2.o(.ARM.Collect$$rtexit$$00000004) for __rt_exit_exit
    rtexit.o(.ARM.Collect$$rtexit$$00000000) refers (Special) to rtexit2.o(.ARM.Collect$$rtexit$$00000003) for __rt_exit_ls
    rtexit.o(.ARM.Collect$$rtexit$$00000000) refers (Special) to rtexit2.o(.ARM.Collect$$rtexit$$00000002) for __rt_exit_prels_1
    rtexit.o(.ARM.exidx) refers (Special) to rtexit2.o(.ARM.Collect$$rtexit$$00000004) for __rt_exit_exit
    rtexit.o(.ARM.exidx) refers (Special) to rtexit2.o(.ARM.Collect$$rtexit$$00000003) for __rt_exit_ls
    rtexit.o(.ARM.exidx) refers (Special) to rtexit2.o(.ARM.Collect$$rtexit$$00000002) for __rt_exit_prels_1
    rtexit.o(.ARM.exidx) refers to rtexit.o(.ARM.Collect$$rtexit$$00000000) for .ARM.Collect$$rtexit$$00000000
    aeabi_idiv0_sigfpe.o(.text) refers to rt_div0.o(.text) for __rt_div0
    argv_veneer.o(.emb_text) refers to no_argv.o(.text) for __ARM_get_argv
    rtexit2.o(.ARM.Collect$$rtexit$$00000003) refers to libshutdown.o(.ARM.Collect$$libshutdown$$00000000) for __rt_lib_shutdown
    rtexit2.o(.ARM.Collect$$rtexit$$00000004) refers to retarget_solution.o(.text) for _sys_exit
    rtexit2.o(.ARM.exidx) refers to rtexit2.o(.ARM.Collect$$rtexit$$00000001) for .ARM.Collect$$rtexit$$00000001
    rtexit2.o(.ARM.exidx) refers to rtexit2.o(.ARM.Collect$$rtexit$$00000003) for .ARM.Collect$$rtexit$$00000003
    rtexit2.o(.ARM.exidx) refers to rtexit2.o(.ARM.Collect$$rtexit$$00000004) for .ARM.Collect$$rtexit$$00000004
    rt_div0.o(.text) refers to defsig_fpe_outer.o(.text) for __rt_SIGFPE
    _get_argv_nomalloc.o(.text) refers (Special) to hrguard.o(.text) for __heap_region$guard
    _get_argv_nomalloc.o(.text) refers to defsig_rtmem_outer.o(.text) for __rt_SIGRTMEM
    _get_argv_nomalloc.o(.text) refers to sys_command.o(.text) for _sys_command_string
    sys_command.o(.text) refers (Special) to use_no_semi.o(.text) for __I$use$semihosting
    sys_command.o(.text) refers (Special) to indicate_semi.o(.text) for __semihosting_library_function
    defsig_fpe_outer.o(.text) refers to defsig_fpe_inner.o(.text) for __rt_SIGFPE_inner
    defsig_fpe_outer.o(.text) refers to defsig_exit.o(.text) for __sig_exit
    defsig_fpe_formal.o(.text) refers to rt_raise.o(.text) for __rt_raise
    defsig_rtmem_outer.o(.text) refers to defsig_rtmem_inner.o(.text) for __rt_SIGRTMEM_inner
    defsig_rtmem_outer.o(.text) refers to defsig_exit.o(.text) for __sig_exit
    defsig_rtmem_formal.o(.text) refers to rt_raise.o(.text) for __rt_raise
    libshutdown.o(.ARM.Collect$$libshutdown$$00000000) refers (Special) to libshutdown2.o(.ARM.Collect$$libshutdown$$00000006) for __rt_lib_shutdown_fp_trap_1
    libshutdown.o(.ARM.Collect$$libshutdown$$00000000) refers (Special) to libshutdown2.o(.ARM.Collect$$libshutdown$$0000000E) for __rt_lib_shutdown_heap_1
    libshutdown.o(.ARM.Collect$$libshutdown$$00000000) refers (Special) to libshutdown2.o(.ARM.Collect$$libshutdown$$0000000F) for __rt_lib_shutdown_return
    libshutdown.o(.ARM.Collect$$libshutdown$$00000000) refers (Special) to libshutdown2.o(.ARM.Collect$$libshutdown$$00000009) for __rt_lib_shutdown_signal_1
    libshutdown.o(.ARM.Collect$$libshutdown$$00000000) refers (Special) to libshutdown2.o(.ARM.Collect$$libshutdown$$00000003) for __rt_lib_shutdown_stdio_1
    libshutdown.o(.ARM.Collect$$libshutdown$$00000000) refers (Special) to libshutdown2.o(.ARM.Collect$$libshutdown$$0000000B) for __rt_lib_shutdown_user_alloc_1
    rt_raise.o(.text) refers to __raise.o(.text) for __raise
    rt_raise.o(.text) refers to retarget_solution.o(.text) for _sys_exit
    defsig_exit.o(.text) refers to retarget_solution.o(.text) for _sys_exit
    defsig_fpe_inner.o(.text) refers to defsig_general.o(.text) for __default_signal_display
    defsig_rtmem_inner.o(.text) refers to defsig_general.o(.text) for __default_signal_display
    __raise.o(.text) refers to __printf.o(i.__ARM_common_call_via_r2) for __ARM_common_call_via_r2
    __raise.o(.text) refers to defsig.o(CL$$defsig) for __default_signal_handler
    defsig_general.o(.text) refers to retarget_solution.o(.text) for _ttywrch
    defsig.o(CL$$defsig) refers to defsig_fpe_inner.o(.text) for __rt_SIGFPE_inner
    defsig.o(CL$$defsig) refers to defsig_rtmem_inner.o(.text) for __rt_SIGRTMEM_inner
    defsig_abrt_inner.o(.text) refers to defsig_general.o(.text) for __default_signal_display
    defsig_rtred_inner.o(.text) refers to defsig_general.o(.text) for __default_signal_display
    defsig_stak_inner.o(.text) refers to defsig_general.o(.text) for __default_signal_display
    defsig_pvfn_inner.o(.text) refers to defsig_general.o(.text) for __default_signal_display
    defsig_cppl_inner.o(.text) refers to defsig_general.o(.text) for __default_signal_display
    defsig_segv_inner.o(.text) refers to defsig_general.o(.text) for __default_signal_display
    defsig_other.o(.text) refers to defsig_general.o(.text) for __default_signal_display


==============================================================================

Removing Unused input sections from the image.

    Removing experiment_2.o(.constdata), (1 bytes).
    Removing twi.o(VARIABLES), (0 bytes).

2 unused section(s) (total 1 bytes) removed from the image.

==============================================================================

Adding Veneers to the image

    Adding TA veneer (4 bytes, Inline) for call to '_printf_percent' from __printf_wp.o(.text).
    Adding AT veneer (8 bytes, Inline) for call to '__rt_lib_init' from rtentry2.o(.ARM.Collect$$rtentry$$0000000A).
    Adding AT veneer (8 bytes, Inline) for call to '__rt_lib_shutdown' from rtexit2.o(.ARM.Collect$$rtexit$$00000003).
    Adding TA veneer (4 bytes, Inline) for call to '__rt_exit' from exit.o(.text).
    Adding AT veneer (8 bytes, Inline) for call to '__2printf' from experiment_2.o(.text).
    Adding AT veneer (8 bytes, Inline) for call to '_printf_int_dec' from _printf_u.o(.ARM.Collect$$_printf_percent$$0000000A).
    Adding AT veneer (8 bytes, Inline) for call to '_printf_int_hex' from _printf_x.o(.ARM.Collect$$_printf_percent$$0000000C).
    Adding AT veneer (8 bytes, Inline) for call to 'atoi' from input_integer.o(.text).
    Adding TA veneer (4 bytes, Inline) for call to '__aeabi_errno_addr' from atoi.o(.text).
    Adding TA veneer (4 bytes, Inline) for call to '__rt_udiv10' from _printf_dec.o(.text).
    Adding TA veneer (4 bytes, Inline) for call to '__rt_ctype_table' from strtol.o(.text).
    Adding TA veneer (4 bytes, Inline) for call to '__rt_locale' from libinit2.o(.ARM.Collect$$libinit$$0000000D).
    Adding TA veneer (4 bytes, Inline) for call to '_ll_udiv10' from _printf_fp_dec.o(.text).
    Adding TA veneer (4 bytes, Inline) for call to '__aeabi_idivmod' from bigflt0.o(.text).
    Adding TA veneer (4 bytes, Inline) for call to '_btod_d2e' from _printf_fp_dec.o(.text).
    Adding TA veneer (4 bytes, Inline) for call to '_btod_ediv' from _printf_fp_dec.o(.text).
    Adding TA veneer (4 bytes, Inline) for call to '_btod_emul' from _printf_fp_dec.o(.text).
    Adding TA veneer (8 bytes, Short) for call to 'ferror' from _printf_char_file.o(.text).
    Adding AT veneer (12 bytes, Long) for call to '_printf_fp_dec_real' from printf1.o(x$fpl$printf1).
    Adding TA veneer (4 bytes, Inline) for call to '__ARM_fpclassify' from _printf_fp_dec.o(.text).
    Adding TA veneer (4 bytes, Inline) for call to '_get_lc_numeric' from libinit2.o(.ARM.Collect$$libinit$$00000014).
    Adding TA veneer (4 bytes, Inline) for call to '_get_lc_ctype' from libinit2.o(.ARM.Collect$$libinit$$00000010).
    Adding TA veneer (4 bytes, Inline) for call to '__ieee_status' from _printf_fp_dec.o(.text).

23 Veneer(s) (total 128 bytes) added to the image.

==============================================================================

Image Symbol Table

    Local Symbols

    Symbol Name                              Value     Ov Type        Size  Object(Section)

    ../clib/angel/boardlib.s                 0x00000000   Number         0  boardinit1.o ABSOLUTE
    ../clib/angel/boardlib.s                 0x00000000   Number         0  boardinit2.o ABSOLUTE
    ../clib/angel/boardlib.s                 0x00000000   Number         0  boardinit3.o ABSOLUTE
    ../clib/angel/boardlib.s                 0x00000000   Number         0  boardshut.o ABSOLUTE
    ../clib/angel/handlers.s                 0x00000000   Number         0  __scatter_zi.o ABSOLUTE
    ../clib/angel/handlers.s                 0x00000000   Number         0  __scatter_copy.o ABSOLUTE
    ../clib/angel/kernel.s                   0x00000000   Number         0  rtentry4.o ABSOLUTE
    ../clib/angel/kernel.s                   0x00000000   Number         0  rtentry2.o ABSOLUTE
    ../clib/angel/kernel.s                   0x00000000   Number         0  rtexit.o ABSOLUTE
    ../clib/angel/kernel.s                   0x00000000   Number         0  rtentry.o ABSOLUTE
    ../clib/angel/kernel.s                   0x00000000   Number         0  rtexit2.o ABSOLUTE
    ../clib/angel/rt.s                       0x00000000   Number         0  rt_locale_intlibspace.o ABSOLUTE
    ../clib/angel/rt.s                       0x00000000   Number         0  rt_ctype_table.o ABSOLUTE
    ../clib/angel/rt.s                       0x00000000   Number         0  aeabi_idiv0_sigfpe.o ABSOLUTE
    ../clib/angel/rt.s                       0x00000000   Number         0  rt_errno_addr.o ABSOLUTE
    ../clib/angel/rt.s                       0x00000000   Number         0  aeabi_idiv0.o ABSOLUTE
    ../clib/angel/rt.s                       0x00000000   Number         0  rt_errno_addr_intlibspace.o ABSOLUTE
    ../clib/angel/rt.s                       0x00000000   Number         0  rt_locale.o ABSOLUTE
    ../clib/angel/rt.s                       0x00000000   Number         0  rt_div0.o ABSOLUTE
    ../clib/angel/rt.s                       0x00000000   Number         0  rt_raise.o ABSOLUTE
    ../clib/angel/scatter.s                  0x00000000   Number         0  __scatter.o ABSOLUTE
    ../clib/angel/startup.s                  0x00000000   Number         0  __main.o ABSOLUTE
    ../clib/angel/sys.s                      0x00000000   Number         0  indicate_semi.o ABSOLUTE
    ../clib/angel/sys.s                      0x00000000   Number         0  use_no_semi.o ABSOLUTE
    ../clib/angel/sys.s                      0x00000000   Number         0  sys_stackheap_outer.o ABSOLUTE
    ../clib/angel/sys.s                      0x00000000   Number         0  libspace.o ABSOLUTE
    ../clib/angel/sysapp.c                   0x00000000   Number         0  sys_command.o ABSOLUTE
    ../clib/armsys.c                         0x00000000   Number         0  argv_veneer.o ABSOLUTE
    ../clib/armsys.c                         0x00000000   Number         0  argv_veneer.o ABSOLUTE
    ../clib/armsys.c                         0x00000000   Number         0  _get_argv_nomalloc.o ABSOLUTE
    ../clib/armsys.c                         0x00000000   Number         0  no_argv.o ABSOLUTE
    ../clib/bigflt.c                         0x00000000   Number         0  bigflt0.o ABSOLUTE
    ../clib/btod.s                           0x00000000   Number         0  btod.o ABSOLUTE
    ../clib/division.s                       0x00000000   Number         0  aeabi_sdiv_div0.o ABSOLUTE
    ../clib/division.s                       0x00000000   Number         0  rtudiv10.o ABSOLUTE
    ../clib/division.s                       0x00000000   Number         0  aeabi_sdiv.o ABSOLUTE
    ../clib/divrt.s                          0x00000000   Number         0  divrt_7tdmi_div0.o ABSOLUTE
    ../clib/divrt.s                          0x00000000   Number         0  divrt_7tdmi.o ABSOLUTE
    ../clib/heapalloc.c                      0x00000000   Number         0  hrguard.o ABSOLUTE
    ../clib/heapaux.c                        0x00000000   Number         0  heapauxi.o ABSOLUTE
    ../clib/libinit.s                        0x00000000   Number         0  libshutdown.o ABSOLUTE
    ../clib/libinit.s                        0x00000000   Number         0  libinit2.o ABSOLUTE
    ../clib/libinit.s                        0x00000000   Number         0  libshutdown2.o ABSOLUTE
    ../clib/libinit.s                        0x00000000   Number         0  libinit.o ABSOLUTE
    ../clib/locale.s                         0x00000000   Number         0  lc_numeric_c.o ABSOLUTE
    ../clib/locale.s                         0x00000000   Number         0  lc_ctype_c.o ABSOLUTE
    ../clib/longlong.s                       0x00000000   Number         0  lludiv10.o ABSOLUTE
    ../clib/memcpset.s                       0x00000000   Number         0  strcmp.o ABSOLUTE
    ../clib/misc.s                           0x00000000   Number         0  printf_stubs.o ABSOLUTE
    ../clib/printf.c                         0x00000000   Number         0  __2printf.o ABSOLUTE
    ../clib/printf.c                         0x00000000   Number         0  noretval__2printf.o ABSOLUTE
    ../clib/printf.c                         0x00000000   Number         0  __printf.o ABSOLUTE
    ../clib/printf.c                         0x00000000   Number         0  _printf_pad.o ABSOLUTE
    ../clib/printf.c                         0x00000000   Number         0  _printf_dec.o ABSOLUTE
    ../clib/printf.c                         0x00000000   Number         0  _printf_hex_ll.o ABSOLUTE
    ../clib/printf.c                         0x00000000   Number         0  _printf_hex_int.o ABSOLUTE
    ../clib/printf.c                         0x00000000   Number         0  _printf_hex_ptr.o ABSOLUTE
    ../clib/printf.c                         0x00000000   Number         0  _printf_hex_int_ptr.o ABSOLUTE
    ../clib/printf.c                         0x00000000   Number         0  _printf_hex_ll_ptr.o ABSOLUTE
    ../clib/printf.c                         0x00000000   Number         0  _printf_hex_int_ll_ptr.o ABSOLUTE
    ../clib/printf.c                         0x00000000   Number         0  __printf_flags.o ABSOLUTE
    ../clib/printf.c                         0x00000000   Number         0  __printf_ss.o ABSOLUTE
    ../clib/printf.c                         0x00000000   Number         0  __printf_flags_ss.o ABSOLUTE
    ../clib/printf.c                         0x00000000   Number         0  __printf_wp.o ABSOLUTE
    ../clib/printf.c                         0x00000000   Number         0  __printf_flags_wp.o ABSOLUTE
    ../clib/printf.c                         0x00000000   Number         0  __printf_ss_wp.o ABSOLUTE
    ../clib/printf.c                         0x00000000   Number         0  __printf_flags_ss_wp.o ABSOLUTE
    ../clib/printf.c                         0x00000000   Number         0  _printf_hex_int_ll.o ABSOLUTE
    ../clib/printf.c                         0x00000000   Number         0  _printf_intcommon.o ABSOLUTE
    ../clib/printf.c                         0x00000000   Number         0  _printf_char_file.o ABSOLUTE
    ../clib/printf.c                         0x00000000   Number         0  __printf_nopercent.o ABSOLUTE
    ../clib/printf.c                         0x00000000   Number         0  _printf_char_common.o ABSOLUTE
    ../clib/printf.c                         0x00000000   Number         0  _printf_fp_infnan.o ABSOLUTE
    ../clib/printf.c                         0x00000000   Number         0  _printf_fp_dec.o ABSOLUTE
    ../clib/printf_percent.s                 0x00000000   Number         0  _printf_x.o ABSOLUTE
    ../clib/printf_percent.s                 0x00000000   Number         0  _printf_u.o ABSOLUTE
    ../clib/printf_percent.s                 0x00000000   Number         0  _printf_percent.o ABSOLUTE
    ../clib/printf_percent.s                 0x00000000   Number         0  _printf_f.o ABSOLUTE
    ../clib/printf_percent.s                 0x00000000   Number         0  _printf_percent_end.o ABSOLUTE
    ../clib/scanf.c                          0x00000000   Number         0  _strtoul.o ABSOLUTE
    ../clib/scanf.c                          0x00000000   Number         0  _chval.o ABSOLUTE
    ../clib/scanf.c                          0x00000000   Number         0  strtol.o ABSOLUTE
    ../clib/scanf.c                          0x00000000   Number         0  atoi.o ABSOLUTE
    ../clib/signal.c                         0x00000000   Number         0  defsig_rtmem_outer.o ABSOLUTE
    ../clib/signal.c                         0x00000000   Number         0  defsig_rtmem_formal.o ABSOLUTE
    ../clib/signal.c                         0x00000000   Number         0  defsig_exit.o ABSOLUTE
    ../clib/signal.c                         0x00000000   Number         0  defsig_rtred_inner.o ABSOLUTE
    ../clib/signal.c                         0x00000000   Number         0  defsig_fpe_inner.o ABSOLUTE
    ../clib/signal.c                         0x00000000   Number         0  defsig_stak_inner.o ABSOLUTE
    ../clib/signal.c                         0x00000000   Number         0  defsig_fpe_formal.o ABSOLUTE
    ../clib/signal.c                         0x00000000   Number         0  __raise.o ABSOLUTE
    ../clib/signal.c                         0x00000000   Number         0  defsig_pvfn_inner.o ABSOLUTE
    ../clib/signal.c                         0x00000000   Number         0  defsig_cppl_inner.o ABSOLUTE
    ../clib/signal.c                         0x00000000   Number         0  defsig_rtmem_inner.o ABSOLUTE
    ../clib/signal.c                         0x00000000   Number         0  defsig_other.o ABSOLUTE
    ../clib/signal.c                         0x00000000   Number         0  defsig_general.o ABSOLUTE
    ../clib/signal.c                         0x00000000   Number         0  defsig_fpe_outer.o ABSOLUTE
    ../clib/signal.c                         0x00000000   Number         0  defsig_abrt_inner.o ABSOLUTE
    ../clib/signal.c                         0x00000000   Number         0  defsig_segv_inner.o ABSOLUTE
    ../clib/signal.s                         0x00000000   Number         0  defsig.o ABSOLUTE
    ../clib/stdlib.c                         0x00000000   Number         0  exit.o ABSOLUTE
    ../fplib/dretinf.s                       0x00000000   Number         0  dretinf.o ABSOLUTE
    ../fplib/f2d.s                           0x00000000   Number         0  f2d.o ABSOLUTE
    ../fplib/faddsub.s                       0x00000000   Number         0  faddsub_noclz.o ABSOLUTE
    ../fplib/fdiv.s                          0x00000000   Number         0  fdiv.o ABSOLUTE
    ../fplib/fflt.s                          0x00000000   Number         0  fflt_noclz.o ABSOLUTE
    ../fplib/fnaninf.s                       0x00000000   Number         0  fnaninf.o ABSOLUTE
    ../fplib/fpinit.s                        0x00000000   Number         0  fpinit.o ABSOLUTE
    ../fplib/fretinf.s                       0x00000000   Number         0  fretinf.o ABSOLUTE
    ../fplib/istatus.s                       0x00000000   Number         0  istatus.o ABSOLUTE
    ../fplib/printf1.s                       0x00000000   Number         0  printf1.o ABSOLUTE
    ../fplib/usenofp.s                       0x00000000   Number         0  usenofp.o ABSOLUTE
    ../mathlib/fpclassify.c                  0x00000000   Number         0  fpclassify.o ABSOLUTE
    Assembly_Exp1_solution.s                 0x00000000   Number         0  assembly_exp1_solution.o ABSOLUTE
    Experiment_2.c                           0x00000000   Number         0  experiment_2.o ABSOLUTE
    Input_Integer.c                          0x00000000   Number         0  input_integer.o ABSOLUTE
    SAM7.s                                   0x00000000   Number         0  sam7.o ABSOLUTE
    TWI.s                                    0x00000000   Number         0  twi.o ABSOLUTE
    USART0_solution.s                        0x00000000   Number         0  usart0_solution.o ABSOLUTE
    dc.s                                     0x00000000   Number         0  dc.o ABSOLUTE
    retarget_solution.c                      0x00000000   Number         0  retarget_solution.o ABSOLUTE
    temp.s                                   0x00000000   Number         0  temp.o ABSOLUTE
    RESET                                    0x00100000   Section      336  sam7.o(RESET)
    Undef_Handler                            0x00100040   ARM Code       4  sam7.o(RESET)
    SWI_Handler                              0x00100044   ARM Code       4  sam7.o(RESET)
    PAbt_Handler                             0x00100048   ARM Code       4  sam7.o(RESET)
    DAbt_Handler                             0x0010004c   ARM Code       4  sam7.o(RESET)
    IRQ_Handler                              0x00100050   ARM Code       4  sam7.o(RESET)
    FIQ_Handler                              0x00100054   ARM Code       4  sam7.o(RESET)
    !!!main                                  0x00100150   Section        8  __main.o(!!!main)
    !!!scatter                               0x00100158   Section       60  __scatter.o(!!!scatter)
    !!handler_copy                           0x00100194   Section       40  __scatter_copy.o(!!handler_copy)
    !!handler_zi                             0x001001bc   Section       44  __scatter_zi.o(!!handler_zi)
    .ARM.Collect$$_printf_percent$$00000000  0x001001ec   Section        0  _printf_percent.o(.ARM.Collect$$_printf_percent$$00000000)
    .ARM.Collect$$_printf_percent$$00000003  0x001001ec   Section        8  _printf_f.o(.ARM.Collect$$_printf_percent$$00000003)
    .ARM.Collect$$_printf_percent$$0000000A  0x001001f4   Section        8  _printf_u.o(.ARM.Collect$$_printf_percent$$0000000A)
    .ARM.Collect$$_printf_percent$$0000000C  0x001001fc   Section        8  _printf_x.o(.ARM.Collect$$_printf_percent$$0000000C)
    .ARM.Collect$$_printf_percent$$00000017  0x00100204   Section        8  _printf_percent_end.o(.ARM.Collect$$_printf_percent$$00000017)
    .ARM.Collect$$libinit$$00000000          0x00100214   Section        2  libinit.o(.ARM.Collect$$libinit$$00000000)
    .ARM.Collect$$libinit$$00000002          0x00100216   Section        0  libinit2.o(.ARM.Collect$$libinit$$00000002)
    .ARM.Collect$$libinit$$00000008          0x00100216   Section        0  libinit2.o(.ARM.Collect$$libinit$$00000008)
    .ARM.Collect$$libinit$$0000000A          0x00100216   Section        0  libinit2.o(.ARM.Collect$$libinit$$0000000A)
    .ARM.Collect$$libinit$$0000000C          0x00100216   Section        0  libinit2.o(.ARM.Collect$$libinit$$0000000C)
    .ARM.Collect$$libinit$$0000000D          0x00100216   Section        6  libinit2.o(.ARM.Collect$$libinit$$0000000D)
    .ARM.Collect$$libinit$$0000000F          0x0010021c   Section        0  libinit2.o(.ARM.Collect$$libinit$$0000000F)
    .ARM.Collect$$libinit$$00000010          0x0010021c   Section       12  libinit2.o(.ARM.Collect$$libinit$$00000010)
    .ARM.Collect$$libinit$$00000011          0x00100228   Section        0  libinit2.o(.ARM.Collect$$libinit$$00000011)
    .ARM.Collect$$libinit$$00000013          0x00100228   Section        0  libinit2.o(.ARM.Collect$$libinit$$00000013)
    .ARM.Collect$$libinit$$00000014          0x00100228   Section       10  libinit2.o(.ARM.Collect$$libinit$$00000014)
    .ARM.Collect$$libinit$$00000015          0x00100232   Section        0  libinit2.o(.ARM.Collect$$libinit$$00000015)
    .ARM.Collect$$libinit$$00000017          0x00100232   Section        0  libinit2.o(.ARM.Collect$$libinit$$00000017)
    .ARM.Collect$$libinit$$00000019          0x00100232   Section        0  libinit2.o(.ARM.Collect$$libinit$$00000019)
    .ARM.Collect$$libinit$$0000001B          0x00100232   Section        0  libinit2.o(.ARM.Collect$$libinit$$0000001B)
    .ARM.Collect$$libinit$$0000001D          0x00100232   Section        0  libinit2.o(.ARM.Collect$$libinit$$0000001D)
    .ARM.Collect$$libinit$$0000001F          0x00100232   Section        0  libinit2.o(.ARM.Collect$$libinit$$0000001F)
    .ARM.Collect$$libinit$$00000021          0x00100232   Section        0  libinit2.o(.ARM.Collect$$libinit$$00000021)
    .ARM.Collect$$libinit$$00000023          0x00100232   Section        0  libinit2.o(.ARM.Collect$$libinit$$00000023)
    .ARM.Collect$$libinit$$0000002A          0x00100232   Section        0  libinit2.o(.ARM.Collect$$libinit$$0000002A)
    .ARM.Collect$$libinit$$0000002C          0x00100232   Section        0  libinit2.o(.ARM.Collect$$libinit$$0000002C)
    .ARM.Collect$$libinit$$0000002E          0x00100232   Section        0  libinit2.o(.ARM.Collect$$libinit$$0000002E)
    .ARM.Collect$$libinit$$00000030          0x00100232   Section        0  libinit2.o(.ARM.Collect$$libinit$$00000030)
    .ARM.Collect$$libinit$$00000031          0x00100232   Section       12  libinit2.o(.ARM.Collect$$libinit$$00000031)
    .ARM.Collect$$libshutdown$$00000000      0x00100248   Section        4  libshutdown.o(.ARM.Collect$$libshutdown$$00000000)
    .ARM.Collect$$libshutdown$$00000003      0x0010024c   Section        0  libshutdown2.o(.ARM.Collect$$libshutdown$$00000003)
    .ARM.Collect$$libshutdown$$00000006      0x0010024c   Section        0  libshutdown2.o(.ARM.Collect$$libshutdown$$00000006)
    .ARM.Collect$$libshutdown$$00000009      0x0010024c   Section        0  libshutdown2.o(.ARM.Collect$$libshutdown$$00000009)
    .ARM.Collect$$libshutdown$$0000000B      0x0010024c   Section        0  libshutdown2.o(.ARM.Collect$$libshutdown$$0000000B)
    .ARM.Collect$$libshutdown$$0000000E      0x0010024c   Section        0  libshutdown2.o(.ARM.Collect$$libshutdown$$0000000E)
    .ARM.Collect$$libshutdown$$0000000F      0x0010024c   Section        6  libshutdown2.o(.ARM.Collect$$libshutdown$$0000000F)
    .ARM.Collect$$rtentry$$00000000          0x00100254   Section        0  rtentry.o(.ARM.Collect$$rtentry$$00000000)
    .ARM.Collect$$rtentry$$00000002          0x00100254   Section        0  rtentry2.o(.ARM.Collect$$rtentry$$00000002)
    .ARM.Collect$$rtentry$$00000004          0x00100254   Section        8  rtentry4.o(.ARM.Collect$$rtentry$$00000004)
    .ARM.Collect$$rtentry$$00000009          0x0010025c   Section        0  rtentry2.o(.ARM.Collect$$rtentry$$00000009)
    .ARM.Collect$$rtentry$$0000000A          0x0010025c   Section        4  rtentry2.o(.ARM.Collect$$rtentry$$0000000A)
    .ARM.Collect$$rtentry$$0000000C          0x00100260   Section        0  rtentry2.o(.ARM.Collect$$rtentry$$0000000C)
    .ARM.Collect$$rtentry$$0000000D          0x00100260   Section       40  rtentry2.o(.ARM.Collect$$rtentry$$0000000D)
    .ARM.Collect$$rtexit$$00000000           0x0010028c   Section        4  rtexit.o(.ARM.Collect$$rtexit$$00000000)
    .ARM.Collect$$rtexit$$00000002           0x00100290   Section        0  rtexit2.o(.ARM.Collect$$rtexit$$00000002)
    .ARM.Collect$$rtexit$$00000003           0x00100290   Section        4  rtexit2.o(.ARM.Collect$$rtexit$$00000003)
    .ARM.Collect$$rtexit$$00000004           0x00100294   Section        8  rtexit2.o(.ARM.Collect$$rtexit$$00000004)
    .text                                    0x0010029c   Section       32  sam7.o(.text)
    .text                                    0x001002bc   Section        0  experiment_2.o(.text)
    .text                                    0x00100734   Section        0  input_integer.o(.text)
    .text                                    0x00100808   Section        0  retarget_solution.o(.text)
    .text                                    0x00100850   Section        4  use_no_semi.o(.text)
    .text                                    0x0010085c   Section        0  noretval__2printf.o(.text)
    .text                                    0x00100878   Section        0  _printf_pad.o(.text)
    .text                                    0x001008d8   Section        0  _printf_dec.o(.text)
    .text                                    0x00100950   Section        0  _printf_hex_int.o(.text)
    .text                                    0x001009ac   Section        0  __printf_wp.o(.text)
    .text                                    0x00100ad4   Section        0  atoi.o(.text)
    .text                                    0x00100af2   Section        0  heapauxi.o(.text)
    .text                                    0x00100afc   Section       12  rt_errno_addr_intlibspace.o(.text)
    .text                                    0x00100b08   Section        0  _printf_intcommon.o(.text)
    .text                                    0x00100bc4   Section        0  _printf_fp_dec.o(.text)
    _fp_digits                               0x00100bc7   Thumb Code   414  _printf_fp_dec.o(.text)
    .text                                    0x00100fe4   Section        0  _printf_char_file.o(.text)
    .text                                    0x00101010   Section        0  strtol.o(.text)
    .text                                    0x00101088   Section       44  rtudiv10.o(.text)
    .text                                    0x001010b4   Section       12  libspace.o(.text)
    .text                                    0x001010c4   Section       24  rt_ctype_table.o(.text)
    .text                                    0x001010e0   Section       12  rt_locale_intlibspace.o(.text)
    .text                                    0x001010f0   Section      160  lludiv10.o(.text)
    .text                                    0x00101190   Section        0  _printf_char_common.o(.text)
    _printf_input_char                       0x00101191   Thumb Code    10  _printf_char_common.o(.text)
    .text                                    0x001011c0   Section        0  _printf_fp_infnan.o(.text)
    .text                                    0x00101250   Section        0  _strtoul.o(.text)
    .text                                    0x001012fc   Section        0  bigflt0.o(.text)
    .text                                    0x001013d4   Section       96  sys_stackheap_outer.o(.text)
    .text                                    0x00101434   Section        0  _chval.o(.text)
    .text                                    0x00101452   Section        0  exit.o(.text)
    .text                                    0x00101460   Section      160  strcmp.o(.text)
    .text                                    0x00101504   Section      384  aeabi_sdiv.o(.text)
    __arm_div8                               0x00101530   ARM Code       0  aeabi_sdiv.o(.text)
    __arm_div5                               0x00101554   ARM Code       0  aeabi_sdiv.o(.text)
    __arm_div2                               0x00101578   ARM Code       0  aeabi_sdiv.o(.text)
    __arm_div_large                          0x001015b4   ARM Code       0  aeabi_sdiv.o(.text)
    CL$$btod_d2e                             0x00101688   Section       56  btod.o(CL$$btod_d2e)
    CL$$btod_d2e_denorm_low                  0x001016c0   Section       84  btod.o(CL$$btod_d2e_denorm_low)
    CL$$btod_d2e_norm_op1                    0x00101714   Section      104  btod.o(CL$$btod_d2e_norm_op1)
    CL$$btod_div_common                      0x0010177c   Section      844  btod.o(CL$$btod_div_common)
    CL$$btod_e2e                             0x00101ac8   Section      220  btod.o(CL$$btod_e2e)
    CL$$btod_ediv                            0x00101ba8   Section       52  btod.o(CL$$btod_ediv)
    CL$$btod_emul                            0x00101be0   Section       52  btod.o(CL$$btod_emul)
    CL$$btod_mult_common                     0x00101c14   Section      616  btod.o(CL$$btod_mult_common)
    COMPORT                                  0x00101e7c   Section      244  usart0_solution.o(COMPORT)
    EXAMPLE                                  0x00101f70   Section     1180  assembly_exp1_solution.o(EXAMPLE)
    TEMPCON                                  0x0010240c   Section      144  temp.o(TEMPCON)
    TWIPORT                                  0x0010249c   Section      384  twi.o(TWIPORT)
    i.__ARM_common_call_via_r1               0x00102630   Section        0  __printf.o(i.__ARM_common_call_via_r1)
    i.__ARM_common_call_via_r2               0x00102632   Section        0  __printf.o(i.__ARM_common_call_via_r2)
    i.__ARM_fpclassify                       0x00102638   Section        0  fpclassify.o(i.__ARM_fpclassify)
    i._is_digit                              0x00102668   Section        0  __printf_wp.o(i._is_digit)
    locale$$code                             0x0010267c   Section       80  lc_numeric_c.o(locale$$code)
    locale$$code                             0x001026d0   Section       80  lc_ctype_c.o(locale$$code)
    x$fpl$dretinf                            0x00102720   Section       16  dretinf.o(x$fpl$dretinf)
    x$fpl$f2d                                0x00102730   Section      100  f2d.o(x$fpl$f2d)
    x$fpl$fadd                               0x00102794   Section      196  faddsub_noclz.o(x$fpl$fadd)
    _fadd1                                   0x001027a0   ARM Code       0  faddsub_noclz.o(x$fpl$fadd)
    x$fpl$fdiv                               0x00102858   Section      400  fdiv.o(x$fpl$fdiv)
    _fdiv1                                   0x00102858   ARM Code       0  fdiv.o(x$fpl$fdiv)
    x$fpl$fflt                               0x001029e8   Section       92  fflt_noclz.o(x$fpl$fflt)
    x$fpl$ffltu                              0x00102a44   Section        8  fflt_noclz.o(x$fpl$ffltu)
    x$fpl$fnaninf                            0x00102a4c   Section      168  fnaninf.o(x$fpl$fnaninf)
    x$fpl$fretinf                            0x00102af4   Section       16  fretinf.o(x$fpl$fretinf)
    x$fpl$fsub                               0x00102b04   Section      304  faddsub_noclz.o(x$fpl$fsub)
    _fsub1                                   0x00102b10   ARM Code       0  faddsub_noclz.o(x$fpl$fsub)
    x$fpl$ieeestatus                         0x00102c38   Section        8  istatus.o(x$fpl$ieeestatus)
    x$fpl$printf1                            0x00102c40   Section        4  printf1.o(x$fpl$printf1)
    .constdata                               0x00102c44   Section       40  _printf_hex_int.o(.constdata)
    x$fpl$usenofp                            0x00102c44   Section        0  usenofp.o(x$fpl$usenofp)
    uc_hextab                                0x00102c44   Data          20  _printf_hex_int.o(.constdata)
    lc_hextab                                0x00102c58   Data          20  _printf_hex_int.o(.constdata)
    .constdata                               0x00102c6c   Section      148  bigflt0.o(.constdata)
    tenpwrs_x                                0x00102c6c   Data          60  bigflt0.o(.constdata)
    tenpwrs_i                                0x00102ca8   Data          64  bigflt0.o(.constdata)
    locale$$data                             0x00102d20   Section       28  lc_numeric_c.o(locale$$data)
    __lcnum_c_name                           0x00102d24   Data           2  lc_numeric_c.o(locale$$data)
    __lcnum_c_start                          0x00102d2c   Data           0  lc_numeric_c.o(locale$$data)
    __lcnum_c_point                          0x00102d38   Data           0  lc_numeric_c.o(locale$$data)
    __lcnum_c_thousands                      0x00102d3a   Data           0  lc_numeric_c.o(locale$$data)
    __lcnum_c_grouping                       0x00102d3b   Data           0  lc_numeric_c.o(locale$$data)
    locale$$data                             0x00102d3c   Section      272  lc_ctype_c.o(locale$$data)
    __lcnum_c_end                            0x00102d3c   Data           0  lc_numeric_c.o(locale$$data)
    __lcctype_c_name                         0x00102d40   Data           2  lc_ctype_c.o(locale$$data)
    __lcctype_c_start                        0x00102d48   Data           0  lc_ctype_c.o(locale$$data)
    __lcctype_c_end                          0x00102e4c   Data           0  lc_ctype_c.o(locale$$data)
    .data                                    0x00200000   Section        4  retarget_solution.o(.data)
    VARIABLES                                0x00200004   Section       12  assembly_exp1_solution.o(VARIABLES)
    INC_VALUE                                0x00200008   Data           4  assembly_exp1_solution.o(VARIABLES)
    DEC_VALUE                                0x0020000c   Data           4  assembly_exp1_solution.o(VARIABLES)
    .bss                                     0x00200010   Section       96  libspace.o(.bss)
    HEAP                                     0x00200070   Section        0  sam7.o(HEAP)
    STACK                                    0x00200070   Section     1160  sam7.o(STACK)
    Heap_Mem                                 0x00200070   Data           0  sam7.o(HEAP)
    Stack_Mem                                0x00200070   Data        1024  sam7.o(STACK)
    Stack_Top                                0x002004f8   Data           0  sam7.o(STACK)

    Global Symbols

    Symbol Name                              Value     Ov Type        Size  Object(Section)

    BuildAttributes$$THM_ISAv1$ARM_ISAv4$S$PE$A:L22$X:L11$S22$IEEE1$IW$USESV6$~STKCKD$USESV7$~SHL$OTIME$ROPI$IEEEJ$EBA8$UX$STANDARDLIB$REQ8$PRES8$EABIv2 0x00000000   Number         0  anon$$obj.o ABSOLUTE
    __ARM_use_no_argv                        0x00000000   Number         0  experiment_2.o ABSOLUTE
    _printf_flags                            0x00000000   Number         0  printf_stubs.o ABSOLUTE
    _printf_return_value                     0x00000000   Number         0  printf_stubs.o ABSOLUTE
    _printf_sizespec                         0x00000000   Number         0  printf_stubs.o ABSOLUTE
    _printf_widthprec                        0x00000000   Number         0  printf_stubs.o ABSOLUTE
    __ARM_exceptions_init                     - Undefined Weak Reference
    __alloca_initialize                       - Undefined Weak Reference
    __cpp_initialize__aeabi_                  - Undefined Weak Reference
    __cxa_finalize                            - Undefined Weak Reference
    __sigvec_lookup                           - Undefined Weak Reference
    _atexit_init                              - Undefined Weak Reference
    _call_atexit_fns                          - Undefined Weak Reference
    _clock_init                               - Undefined Weak Reference
    _fp_trap_init                             - Undefined Weak Reference
    _fp_trap_shutdown                         - Undefined Weak Reference
    _get_lc_collate                           - Undefined Weak Reference
    _get_lc_monetary                          - Undefined Weak Reference
    _get_lc_time                              - Undefined Weak Reference
    _getenv_init                              - Undefined Weak Reference
    _handle_redirection                       - Undefined Weak Reference
    _init_alloc                               - Undefined Weak Reference
    _init_user_alloc                          - Undefined Weak Reference
    _initio                                   - Undefined Weak Reference
    _printf_truncate_signed                   - Undefined Weak Reference
    _printf_truncate_unsigned                 - Undefined Weak Reference
    _rand_init                                - Undefined Weak Reference
    _signal_finish                            - Undefined Weak Reference
    _signal_init                              - Undefined Weak Reference
    _terminate_alloc                          - Undefined Weak Reference
    _terminate_user_alloc                     - Undefined Weak Reference
    _terminateio                              - Undefined Weak Reference
    Reset_Handler                            0x00100058   ARM Code       0  sam7.o(RESET)
    __main                                   0x00100150   ARM Code       8  __main.o(!!!main)
    __scatterload                            0x00100158   ARM Code       0  __scatter.o(!!!scatter)
    __scatterload_rt2                        0x00100158   ARM Code      52  __scatter.o(!!!scatter)
    __scatterload_null                       0x0010016c   ARM Code       0  __scatter.o(!!!scatter)
    __scatterload_copy                       0x00100194   ARM Code      40  __scatter_copy.o(!!handler_copy)
    __scatterload_zeroinit                   0x001001bc   ARM Code      44  __scatter_zi.o(!!handler_zi)
    Inline Thumb to ARM Veneer to _printf_percent 0x001001e9   Thumb Code     4  _printf_percent.o(.ARM.Collect$$_printf_percent$$00000000)
    _printf_f                                0x001001ec   ARM Code       0  _printf_f.o(.ARM.Collect$$_printf_percent$$00000003)
    _printf_percent                          0x001001ec   ARM Code       0  _printf_percent.o(.ARM.Collect$$_printf_percent$$00000000)
    _printf_u                                0x001001f4   ARM Code       0  _printf_u.o(.ARM.Collect$$_printf_percent$$0000000A)
    _printf_x                                0x001001fc   ARM Code       0  _printf_x.o(.ARM.Collect$$_printf_percent$$0000000C)
    _printf_percent_end                      0x00100204   ARM Code       0  _printf_percent_end.o(.ARM.Collect$$_printf_percent$$00000017)
    Inline ARM to Thumb Veneer to __rt_lib_init 0x0010020c   ARM Code       8  libinit.o(.ARM.Collect$$libinit$$00000000)
    __rt_lib_init                            0x00100215   Thumb Code     0  libinit.o(.ARM.Collect$$libinit$$00000000)
    __rt_lib_init_fp_1                       0x00100217   Thumb Code     0  libinit2.o(.ARM.Collect$$libinit$$00000002)
    __rt_lib_init_heap_1                     0x00100217   Thumb Code     0  libinit2.o(.ARM.Collect$$libinit$$00000008)
    __rt_lib_init_lc_common                  0x00100217   Thumb Code     0  libinit2.o(.ARM.Collect$$libinit$$0000000D)
    __rt_lib_init_rand_1                     0x00100217   Thumb Code     0  libinit2.o(.ARM.Collect$$libinit$$0000000C)
    __rt_lib_init_user_alloc_1               0x00100217   Thumb Code     0  libinit2.o(.ARM.Collect$$libinit$$0000000A)
    __rt_lib_init_lc_collate_1               0x0010021d   Thumb Code     0  libinit2.o(.ARM.Collect$$libinit$$0000000F)
    __rt_lib_init_lc_ctype_2                 0x0010021d   Thumb Code     0  libinit2.o(.ARM.Collect$$libinit$$00000010)
    __rt_lib_init_lc_ctype_1                 0x00100229   Thumb Code     0  libinit2.o(.ARM.Collect$$libinit$$00000011)
    __rt_lib_init_lc_monetary_1              0x00100229   Thumb Code     0  libinit2.o(.ARM.Collect$$libinit$$00000013)
    __rt_lib_init_lc_numeric_2               0x00100229   Thumb Code     0  libinit2.o(.ARM.Collect$$libinit$$00000014)
    __rt_lib_init_alloca_1                   0x00100233   Thumb Code     0  libinit2.o(.ARM.Collect$$libinit$$0000002C)
    __rt_lib_init_argv_1                     0x00100233   Thumb Code     0  libinit2.o(.ARM.Collect$$libinit$$0000002A)
    __rt_lib_init_atexit_1                   0x00100233   Thumb Code     0  libinit2.o(.ARM.Collect$$libinit$$00000019)
    __rt_lib_init_clock_1                    0x00100233   Thumb Code     0  libinit2.o(.ARM.Collect$$libinit$$0000001F)
    __rt_lib_init_cpp_1                      0x00100233   Thumb Code     0  libinit2.o(.ARM.Collect$$libinit$$00000030)
    __rt_lib_init_exceptions_1               0x00100233   Thumb Code     0  libinit2.o(.ARM.Collect$$libinit$$0000002E)
    __rt_lib_init_fp_trap_1                  0x00100233   Thumb Code     0  libinit2.o(.ARM.Collect$$libinit$$0000001D)
    __rt_lib_init_getenv_1                   0x00100233   Thumb Code     0  libinit2.o(.ARM.Collect$$libinit$$00000021)
    __rt_lib_init_lc_numeric_1               0x00100233   Thumb Code     0  libinit2.o(.ARM.Collect$$libinit$$00000015)
    __rt_lib_init_lc_time_1                  0x00100233   Thumb Code     0  libinit2.o(.ARM.Collect$$libinit$$00000017)
    __rt_lib_init_return                     0x00100233   Thumb Code     0  libinit2.o(.ARM.Collect$$libinit$$00000031)
    __rt_lib_init_signal_1                   0x00100233   Thumb Code     0  libinit2.o(.ARM.Collect$$libinit$$0000001B)
    __rt_lib_init_stdio_1                    0x00100233   Thumb Code     0  libinit2.o(.ARM.Collect$$libinit$$00000023)
    Inline ARM to Thumb Veneer to __rt_lib_shutdown 0x00100240   ARM Code       8  libshutdown.o(.ARM.Collect$$libshutdown$$00000000)
    __rt_lib_shutdown                        0x00100249   Thumb Code     0  libshutdown.o(.ARM.Collect$$libshutdown$$00000000)
    __rt_lib_shutdown_fp_trap_1              0x0010024d   Thumb Code     0  libshutdown2.o(.ARM.Collect$$libshutdown$$00000006)
    __rt_lib_shutdown_heap_1                 0x0010024d   Thumb Code     0  libshutdown2.o(.ARM.Collect$$libshutdown$$0000000E)
    __rt_lib_shutdown_return                 0x0010024d   Thumb Code     0  libshutdown2.o(.ARM.Collect$$libshutdown$$0000000F)
    __rt_lib_shutdown_signal_1               0x0010024d   Thumb Code     0  libshutdown2.o(.ARM.Collect$$libshutdown$$00000009)
    __rt_lib_shutdown_stdio_1                0x0010024d   Thumb Code     0  libshutdown2.o(.ARM.Collect$$libshutdown$$00000003)
    __rt_lib_shutdown_user_alloc_1           0x0010024d   Thumb Code     0  libshutdown2.o(.ARM.Collect$$libshutdown$$0000000B)
    __rt_entry                               0x00100254   ARM Code       0  rtentry.o(.ARM.Collect$$rtentry$$00000000)
    __rt_entry_presh_1                       0x00100254   ARM Code       0  rtentry2.o(.ARM.Collect$$rtentry$$00000002)
    __rt_entry_sh                            0x00100254   ARM Code       0  rtentry4.o(.ARM.Collect$$rtentry$$00000004)
    __rt_entry_li                            0x0010025c   ARM Code       0  rtentry2.o(.ARM.Collect$$rtentry$$0000000A)
    __rt_entry_postsh_1                      0x0010025c   ARM Code       0  rtentry2.o(.ARM.Collect$$rtentry$$00000009)
    __rt_entry_main                          0x00100260   ARM Code       0  rtentry2.o(.ARM.Collect$$rtentry$$0000000D)
    __rt_entry_postli_1                      0x00100260   ARM Code       0  rtentry2.o(.ARM.Collect$$rtentry$$0000000C)
    Inline Thumb to ARM Veneer to __rt_exit  0x00100289   Thumb Code     4  rtexit.o(.ARM.Collect$$rtexit$$00000000)
    __rt_exit                                0x0010028c   ARM Code       0  rtexit.o(.ARM.Collect$$rtexit$$00000000)
    __rt_exit_ls                             0x00100290   ARM Code       0  rtexit2.o(.ARM.Collect$$rtexit$$00000003)
    __rt_exit_prels_1                        0x00100290   ARM Code       0  rtexit2.o(.ARM.Collect$$rtexit$$00000002)
    __rt_exit_exit                           0x00100294   ARM Code       0  rtexit2.o(.ARM.Collect$$rtexit$$00000004)
    __user_initial_stackheap                 0x0010029c   ARM Code       0  sam7.o(.text)
    main                                     0x001002bc   ARM Code    1012  experiment_2.o(.text)
    Input_Integer                            0x00100734   ARM Code     212  input_integer.o(.text)
    fputc                                    0x00100808   ARM Code      28  retarget_solution.o(.text)
    ferror                                   0x00100824   ARM Code      12  retarget_solution.o(.text)
    _ttywrch                                 0x00100830   ARM Code      24  retarget_solution.o(.text)
    _sys_exit                                0x00100848   ARM Code       8  retarget_solution.o(.text)
    __I$use$semihosting                      0x00100850   ARM Code       0  use_no_semi.o(.text)
    __use_no_semihosting_swi                 0x00100850   ARM Code       4  use_no_semi.o(.text)
    Inline ARM to Thumb Veneer to __2printf  0x00100854   ARM Code       8  noretval__2printf.o(.text)
    __2printf                                0x0010085d   Thumb Code    22  noretval__2printf.o(.text)
    _printf_pre_padding                      0x00100879   Thumb Code    50  _printf_pad.o(.text)
    _printf_post_padding                     0x001008ab   Thumb Code    36  _printf_pad.o(.text)
    Inline ARM to Thumb Veneer to _printf_int_dec 0x001008d0   ARM Code       8  _printf_dec.o(.text)
    _printf_int_dec                          0x001008d9   Thumb Code    94  _printf_dec.o(.text)
    Inline ARM to Thumb Veneer to _printf_int_hex 0x00100948   ARM Code       8  _printf_hex_int.o(.text)
    _printf_int_hex                          0x00100951   Thumb Code    88  _printf_hex_int.o(.text)
    _printf_longlong_hex                     0x00100951   Thumb Code     0  _printf_hex_int.o(.text)
    __printf                                 0x001009ad   Thumb Code   286  __printf_wp.o(.text)
    Inline ARM to Thumb Veneer to atoi       0x00100acc   ARM Code       8  atoi.o(.text)
    atoi                                     0x00100ad5   Thumb Code    30  atoi.o(.text)
    __use_two_region_memory                  0x00100af3   Thumb Code     2  heapauxi.o(.text)
    __rt_heap_escrow$2region                 0x00100af5   Thumb Code     2  heapauxi.o(.text)
    __rt_heap_expand$2region                 0x00100af7   Thumb Code     2  heapauxi.o(.text)
    Inline Thumb to ARM Veneer to __aeabi_errno_addr 0x00100af9   Thumb Code     4  rt_errno_addr_intlibspace.o(.text)
    __aeabi_errno_addr                       0x00100afc   ARM Code      12  rt_errno_addr_intlibspace.o(.text)
    __errno$intlibspace                      0x00100afc   ARM Code       0  rt_errno_addr_intlibspace.o(.text)
    __rt_errno_addr$intlibspace              0x00100afc   ARM Code       0  rt_errno_addr_intlibspace.o(.text)
    _printf_int_common                       0x00100b09   Thumb Code   186  _printf_intcommon.o(.text)
    __lib_sel_fp_printf                      0x00100bc5   Thumb Code     2  _printf_fp_dec.o(.text)
    _printf_fp_dec_real                      0x00100d65   Thumb Code   626  _printf_fp_dec.o(.text)
    _printf_char_file                        0x00100fe5   Thumb Code    38  _printf_char_file.o(.text)
    strtol                                   0x00101011   Thumb Code   112  strtol.o(.text)
    Inline Thumb to ARM Veneer to __rt_udiv10 0x00101085   Thumb Code     4  rtudiv10.o(.text)
    __rt_udiv10                              0x00101088   ARM Code      44  rtudiv10.o(.text)
    __user_libspace                          0x001010b4   ARM Code      12  libspace.o(.text)
    __user_perproc_libspace                  0x001010b4   ARM Code       0  libspace.o(.text)
    __user_perthread_libspace                0x001010b4   ARM Code       0  libspace.o(.text)
    Inline Thumb to ARM Veneer to __rt_ctype_table 0x001010c1   Thumb Code     4  rt_ctype_table.o(.text)
    __rt_ctype_table                         0x001010c4   ARM Code      24  rt_ctype_table.o(.text)
    Inline Thumb to ARM Veneer to __rt_locale 0x001010dd   Thumb Code     4  rt_locale_intlibspace.o(.text)
    __rt_locale                              0x001010e0   ARM Code      12  rt_locale_intlibspace.o(.text)
    Inline Thumb to ARM Veneer to _ll_udiv10 0x001010ed   Thumb Code     4  lludiv10.o(.text)
    _ll_udiv10                               0x001010f0   ARM Code     160  lludiv10.o(.text)
    _printf_char_common                      0x0010119b   Thumb Code    34  _printf_char_common.o(.text)
    _printf_fp_infnan                        0x001011c1   Thumb Code   128  _printf_fp_infnan.o(.text)
    _strtoul                                 0x00101251   Thumb Code   172  _strtoul.o(.text)
    _btod_etento                             0x001012fd   Thumb Code   210  bigflt0.o(.text)
    __user_setup_stackheap                   0x001013d4   ARM Code      96  sys_stackheap_outer.o(.text)
    _chval                                   0x00101435   Thumb Code    30  _chval.o(.text)
    exit                                     0x00101453   Thumb Code    12  exit.o(.text)
    strcmp                                   0x00101460   ARM Code     156  strcmp.o(.text)
    Inline Thumb to ARM Veneer to __aeabi_idivmod 0x00101501   Thumb Code     4  aeabi_sdiv.o(.text)
    __aeabi_idiv                             0x00101504   ARM Code       0  aeabi_sdiv.o(.text)
    __aeabi_idivmod                          0x00101504   ARM Code     384  aeabi_sdiv.o(.text)
    Inline Thumb to ARM Veneer to _btod_d2e  0x00101685   Thumb Code     4  btod.o(CL$$btod_d2e)
    _btod_d2e                                0x00101688   ARM Code      56  btod.o(CL$$btod_d2e)
    _d2e_denorm_low                          0x001016c0   ARM Code      84  btod.o(CL$$btod_d2e_denorm_low)
    _d2e_norm_op1                            0x00101714   ARM Code     104  btod.o(CL$$btod_d2e_norm_op1)
    __btod_div_common                        0x0010177c   ARM Code     716  btod.o(CL$$btod_div_common)
    _e2e                                     0x00101ac8   ARM Code     220  btod.o(CL$$btod_e2e)
    Inline Thumb to ARM Veneer to _btod_ediv 0x00101ba5   Thumb Code     4  btod.o(CL$$btod_ediv)
    _btod_ediv                               0x00101ba8   ARM Code      52  btod.o(CL$$btod_ediv)
    Inline Thumb to ARM Veneer to _btod_emul 0x00101bdd   Thumb Code     4  btod.o(CL$$btod_emul)
    _btod_emul                               0x00101be0   ARM Code      52  btod.o(CL$$btod_emul)
    __btod_mult_common                       0x00101c14   ARM Code     616  btod.o(CL$$btod_mult_common)
    USART0_INIT                              0x00101e7c   ARM Code       0  usart0_solution.o(COMPORT)
    USART0_Transmit                          0x00101ecc   ARM Code       0  usart0_solution.o(COMPORT)
    USART0_Receive                           0x00101efc   ARM Code       0  usart0_solution.o(COMPORT)
    USART0_Receive_Check                     0x00101f30   ARM Code       0  usart0_solution.o(COMPORT)
    POWERLED_INIT                            0x00101f70   ARM Code       0  assembly_exp1_solution.o(EXAMPLE)
    USER_LEDS_INIT                           0x00101fa4   ARM Code       0  assembly_exp1_solution.o(EXAMPLE)
    SWITCH_INIT                              0x00101fd8   ARM Code       0  assembly_exp1_solution.o(EXAMPLE)
    EXT_LEDS_INIT                            0x00102004   ARM Code       0  assembly_exp1_solution.o(EXAMPLE)
    DELAY_1MS                                0x0010203c   ARM Code       0  assembly_exp1_solution.o(EXAMPLE)
    POWERLED_CONTROL                         0x0010205c   ARM Code       0  assembly_exp1_solution.o(EXAMPLE)
    LED1_CONTROL                             0x0010207c   ARM Code       0  assembly_exp1_solution.o(EXAMPLE)
    LED2_CONTROL                             0x0010209c   ARM Code       0  assembly_exp1_solution.o(EXAMPLE)
    BLINKY                                   0x001020bc   ARM Code       0  assembly_exp1_solution.o(EXAMPLE)
    COUNTER_1                                0x001020ec   ARM Code       0  assembly_exp1_solution.o(EXAMPLE)
    DISPLAY_FUNCTION                         0x00102150   ARM Code       0  assembly_exp1_solution.o(EXAMPLE)
    CHECK_LEFT_JOYSTICK                      0x00102168   ARM Code       0  assembly_exp1_solution.o(EXAMPLE)
    CHECK_RIGHT_JOYSTICK                     0x001021b0   ARM Code       0  assembly_exp1_solution.o(EXAMPLE)
    COUNTER_2                                0x00102374   ARM Code       0  assembly_exp1_solution.o(EXAMPLE)
    CEL_TO_FAR                               0x0010240c   ARM Code       0  temp.o(TEMPCON)
    PA11_INIT                                0x00102438   ARM Code       0  temp.o(TEMPCON)
    PA11_DISPLAY                             0x00102464   ARM Code       0  temp.o(TEMPCON)
    TWI_MASTER_INIT                          0x0010249c   ARM Code       0  twi.o(TWIPORT)
    TWI_MASTER_WRITE                         0x001024f0   ARM Code       0  twi.o(TWIPORT)
    TWI_MASTER_READ                          0x00102564   ARM Code       0  twi.o(TWIPORT)
    Short Thumb to ARM Veneer to ferror      0x0010261d   Thumb Code     8  anon$$obj.o(Veneer$$Code)
    Long ARM to Thumb Veneer to _printf_fp_dec_real 0x00102624   ARM Code      12  anon$$obj.o(Veneer$$Code)
    __ARM_common_call_via_r1                 0x00102631   Thumb Code     2  __printf.o(i.__ARM_common_call_via_r1)
    __ARM_common_call_via_r2                 0x00102633   Thumb Code     2  __printf.o(i.__ARM_common_call_via_r2)
    Inline Thumb to ARM Veneer to __ARM_fpclassify 0x00102635   Thumb Code     4  fpclassify.o(i.__ARM_fpclassify)
    __ARM_fpclassify                         0x00102638   ARM Code      48  fpclassify.o(i.__ARM_fpclassify)
    _is_digit                                0x00102669   Thumb Code    14  __printf_wp.o(i._is_digit)
    Inline Thumb to ARM Veneer to _get_lc_numeric 0x00102679   Thumb Code     4  lc_numeric_c.o(locale$$code)
    _get_lc_numeric                          0x0010267c   ARM Code      80  lc_numeric_c.o(locale$$code)
    Inline Thumb to ARM Veneer to _get_lc_ctype 0x001026cd   Thumb Code     4  lc_ctype_c.o(locale$$code)
    _get_lc_ctype                            0x001026d0   ARM Code      80  lc_ctype_c.o(locale$$code)
    __fpl_dretinf                            0x00102720   ARM Code      16  dretinf.o(x$fpl$dretinf)
    __aeabi_f2d                              0x00102730   ARM Code       0  f2d.o(x$fpl$f2d)
    _f2d                                     0x00102730   ARM Code     100  f2d.o(x$fpl$f2d)
    __aeabi_fadd                             0x00102794   ARM Code       0  faddsub_noclz.o(x$fpl$fadd)
    _fadd                                    0x00102794   ARM Code     196  faddsub_noclz.o(x$fpl$fadd)
    __aeabi_fdiv                             0x00102858   ARM Code       0  fdiv.o(x$fpl$fdiv)
    _fdiv                                    0x00102858   ARM Code     396  fdiv.o(x$fpl$fdiv)
    __aeabi_i2f                              0x001029e8   ARM Code       0  fflt_noclz.o(x$fpl$fflt)
    _fflt                                    0x001029e8   ARM Code      92  fflt_noclz.o(x$fpl$fflt)
    __fflt_normalise                         0x001029f4   ARM Code       0  fflt_noclz.o(x$fpl$fflt)
    __aeabi_ui2f                             0x00102a44   ARM Code       0  fflt_noclz.o(x$fpl$ffltu)
    _ffltu                                   0x00102a44   ARM Code       8  fflt_noclz.o(x$fpl$ffltu)
    __fpl_fnaninf                            0x00102a4c   ARM Code     168  fnaninf.o(x$fpl$fnaninf)
    __fpl_fretinf                            0x00102af4   ARM Code      16  fretinf.o(x$fpl$fretinf)
    __aeabi_fsub                             0x00102b04   ARM Code       0  faddsub_noclz.o(x$fpl$fsub)
    _fsub                                    0x00102b04   ARM Code     304  faddsub_noclz.o(x$fpl$fsub)
    Inline Thumb to ARM Veneer to __ieee_status 0x00102c35   Thumb Code     4  istatus.o(x$fpl$ieeestatus)
    __ieee_status                            0x00102c38   ARM Code       8  istatus.o(x$fpl$ieeestatus)
    _printf_fp_dec                           0x00102c40   ARM Code       4  printf1.o(x$fpl$printf1)
    __I$use$fp                               0x00102c44   Number         0  usenofp.o(x$fpl$usenofp)
    Region$$Table$$Base                      0x00102d00   Number         0  anon$$obj.o(Region$$Table)
    Region$$Table$$Limit                     0x00102d20   Number         0  anon$$obj.o(Region$$Table)
    __ctype                                  0x00102d49   Data           0  lc_ctype_c.o(locale$$data)
    __stdout                                 0x00200000   Data           4  retarget_solution.o(.data)
    __libspace_start                         0x00200010   Data          96  libspace.o(.bss)
    __temporary_stack_top$libspace           0x00200070   Data           0  libspace.o(.bss)



==============================================================================

Memory Map of the image

  Image Entry point : 0x00100150

  Load Region LR_IROM1 (Base: 0x00100000, Size: 0x00002e5c, Max: 0x00080000, ABSOLUTE)

    Execution Region ER_IROM1 (Base: 0x00100000, Size: 0x00002e4c, Max: 0x00080000, ABSOLUTE)

    Base Addr    Size         Type   Attr      Idx    E Section Name        Object

    0x00100000   0x00000150   Code   RO            3    RESET               sam7.o
    0x00100150   0x00000008   Code   RO          170  * !!!main             c_t.l(__main.o)
    0x00100158   0x0000003c   Code   RO          445    !!!scatter          c_t.l(__scatter.o)
    0x00100194   0x00000028   Code   RO          447    !!handler_copy      c_t.l(__scatter_copy.o)
    0x001001bc   0x0000002c   Code   RO          449    !!handler_zi        c_t.l(__scatter_zi.o)
    0x001001e8   0x00000004   Ven    RO          165    .ARM.Collect$$_printf_percent$$00000000  c_t.l(_printf_percent.o)
    0x001001ec   0x00000000   Code   RO          165    .ARM.Collect$$_printf_percent$$00000000  c_t.l(_printf_percent.o)
    0x001001ec   0x00000008   Code   RO          164    .ARM.Collect$$_printf_percent$$00000003  c_t.l(_printf_f.o)
    0x001001f4   0x00000008   Code   RO          163    .ARM.Collect$$_printf_percent$$0000000A  c_t.l(_printf_u.o)
    0x001001fc   0x00000008   Code   RO          162    .ARM.Collect$$_printf_percent$$0000000C  c_t.l(_printf_x.o)
    0x00100204   0x00000008   Code   RO          202    .ARM.Collect$$_printf_percent$$00000017  c_t.l(_printf_percent_end.o)
    0x0010020c   0x00000008   Ven    RO          317    .ARM.Collect$$libinit$$00000000  c_t.l(libinit.o)
    0x00100214   0x00000002   Code   RO          317    .ARM.Collect$$libinit$$00000000  c_t.l(libinit.o)
    0x00100216   0x00000000   Code   RO          319    .ARM.Collect$$libinit$$00000002  c_t.l(libinit2.o)
    0x00100216   0x00000000   Code   RO          322    .ARM.Collect$$libinit$$00000008  c_t.l(libinit2.o)
    0x00100216   0x00000000   Code   RO          324    .ARM.Collect$$libinit$$0000000A  c_t.l(libinit2.o)
    0x00100216   0x00000000   Code   RO          326    .ARM.Collect$$libinit$$0000000C  c_t.l(libinit2.o)
    0x00100216   0x00000006   Code   RO          327    .ARM.Collect$$libinit$$0000000D  c_t.l(libinit2.o)
    0x0010021c   0x00000000   Code   RO          329    .ARM.Collect$$libinit$$0000000F  c_t.l(libinit2.o)
    0x0010021c   0x0000000c   Code   RO          330    .ARM.Collect$$libinit$$00000010  c_t.l(libinit2.o)
    0x00100228   0x00000000   Code   RO          331    .ARM.Collect$$libinit$$00000011  c_t.l(libinit2.o)
    0x00100228   0x00000000   Code   RO          333    .ARM.Collect$$libinit$$00000013  c_t.l(libinit2.o)
    0x00100228   0x0000000a   Code   RO          334    .ARM.Collect$$libinit$$00000014  c_t.l(libinit2.o)
    0x00100232   0x00000000   Code   RO          335    .ARM.Collect$$libinit$$00000015  c_t.l(libinit2.o)
    0x00100232   0x00000000   Code   RO          337    .ARM.Collect$$libinit$$00000017  c_t.l(libinit2.o)
    0x00100232   0x00000000   Code   RO          339    .ARM.Collect$$libinit$$00000019  c_t.l(libinit2.o)
    0x00100232   0x00000000   Code   RO          341    .ARM.Collect$$libinit$$0000001B  c_t.l(libinit2.o)
    0x00100232   0x00000000   Code   RO          343    .ARM.Collect$$libinit$$0000001D  c_t.l(libinit2.o)
    0x00100232   0x00000000   Code   RO          345    .ARM.Collect$$libinit$$0000001F  c_t.l(libinit2.o)
    0x00100232   0x00000000   Code   RO          347    .ARM.Collect$$libinit$$00000021  c_t.l(libinit2.o)
    0x00100232   0x00000000   Code   RO          349    .ARM.Collect$$libinit$$00000023  c_t.l(libinit2.o)
    0x00100232   0x00000000   Code   RO          353    .ARM.Collect$$libinit$$0000002A  c_t.l(libinit2.o)
    0x00100232   0x00000000   Code   RO          355    .ARM.Collect$$libinit$$0000002C  c_t.l(libinit2.o)
    0x00100232   0x00000000   Code   RO          357    .ARM.Collect$$libinit$$0000002E  c_t.l(libinit2.o)
    0x00100232   0x00000000   Code   RO          359    .ARM.Collect$$libinit$$00000030  c_t.l(libinit2.o)
    0x00100232   0x0000000c   Code   RO          360    .ARM.Collect$$libinit$$00000031  c_t.l(libinit2.o)
    0x0010023e   0x00000002   PAD
    0x00100240   0x00000008   Ven    RO          398    .ARM.Collect$$libshutdown$$00000000  c_t.l(libshutdown.o)
    0x00100248   0x00000004   Code   RO          398    .ARM.Collect$$libshutdown$$00000000  c_t.l(libshutdown.o)
    0x0010024c   0x00000000   Code   RO          410    .ARM.Collect$$libshutdown$$00000003  c_t.l(libshutdown2.o)
    0x0010024c   0x00000000   Code   RO          413    .ARM.Collect$$libshutdown$$00000006  c_t.l(libshutdown2.o)
    0x0010024c   0x00000000   Code   RO          416    .ARM.Collect$$libshutdown$$00000009  c_t.l(libshutdown2.o)
    0x0010024c   0x00000000   Code   RO          418    .ARM.Collect$$libshutdown$$0000000B  c_t.l(libshutdown2.o)
    0x0010024c   0x00000000   Code   RO          421    .ARM.Collect$$libshutdown$$0000000E  c_t.l(libshutdown2.o)
    0x0010024c   0x00000006   Code   RO          422    .ARM.Collect$$libshutdown$$0000000F  c_t.l(libshutdown2.o)
    0x00100252   0x00000002   PAD
    0x00100254   0x00000000   Code   RO          190    .ARM.Collect$$rtentry$$00000000  c_t.l(rtentry.o)
    0x00100254   0x00000000   Code   RO          218    .ARM.Collect$$rtentry$$00000002  c_t.l(rtentry2.o)
    0x00100254   0x00000008   Code   RO          230    .ARM.Collect$$rtentry$$00000004  c_t.l(rtentry4.o)
    0x0010025c   0x00000000   Code   RO          220    .ARM.Collect$$rtentry$$00000009  c_t.l(rtentry2.o)
    0x0010025c   0x00000004   Code   RO          221    .ARM.Collect$$rtentry$$0000000A  c_t.l(rtentry2.o)
    0x00100260   0x00000000   Code   RO          223    .ARM.Collect$$rtentry$$0000000C  c_t.l(rtentry2.o)
    0x00100260   0x00000028   Code   RO          224    .ARM.Collect$$rtentry$$0000000D  c_t.l(rtentry2.o)
    0x00100288   0x00000004   Ven    RO          361    .ARM.Collect$$rtexit$$00000000  c_t.l(rtexit.o)
    0x0010028c   0x00000004   Code   RO          361    .ARM.Collect$$rtexit$$00000000  c_t.l(rtexit.o)
    0x00100290   0x00000000   Code   RO          372    .ARM.Collect$$rtexit$$00000002  c_t.l(rtexit2.o)
    0x00100290   0x00000004   Code   RO          373    .ARM.Collect$$rtexit$$00000003  c_t.l(rtexit2.o)
    0x00100294   0x00000008   Code   RO          374    .ARM.Collect$$rtexit$$00000004  c_t.l(rtexit2.o)
    0x0010029c   0x00000020   Code   RO            4    .text               sam7.o
    0x001002bc   0x00000478   Code   RO           11    .text               experiment_2.o
    0x00100734   0x000000d4   Code   RO           52    .text               input_integer.o
    0x00100808   0x00000048   Code   RO           67    .text               retarget_solution.o
    0x00100850   0x00000004   Code   RO          105    .text               c_t.l(use_no_semi.o)
    0x00100854   0x00000008   Ven    RO          109    .text               c_t.l(noretval__2printf.o)
    0x0010085c   0x0000001c   Code   RO          109    .text               c_t.l(noretval__2printf.o)
    0x00100878   0x00000056   Code   RO          117    .text               c_t.l(_printf_pad.o)
    0x001008ce   0x00000002   PAD
    0x001008d0   0x00000008   Ven    RO          119    .text               c_t.l(_printf_dec.o)
    0x001008d8   0x00000070   Code   RO          119    .text               c_t.l(_printf_dec.o)
    0x00100948   0x00000008   Ven    RO          124    .text               c_t.l(_printf_hex_int.o)
    0x00100950   0x0000005c   Code   RO          124    .text               c_t.l(_printf_hex_int.o)
    0x001009ac   0x0000011e   Code   RO          150    .text               c_t.l(__printf_wp.o)
    0x00100aca   0x00000002   PAD
    0x00100acc   0x00000008   Ven    RO          166    .text               c_t.l(atoi.o)
    0x00100ad4   0x0000001e   Code   RO          166    .text               c_t.l(atoi.o)
    0x00100af2   0x00000006   Code   RO          168    .text               c_t.l(heapauxi.o)
    0x00100af8   0x00000004   Ven    RO          194    .text               c_t.l(rt_errno_addr_intlibspace.o)
    0x00100afc   0x0000000c   Code   RO          194    .text               c_t.l(rt_errno_addr_intlibspace.o)
    0x00100b08   0x000000ba   Code   RO          196    .text               c_t.l(_printf_intcommon.o)
    0x00100bc2   0x00000002   PAD
    0x00100bc4   0x00000420   Code   RO          198    .text               c_t.l(_printf_fp_dec.o)
    0x00100fe4   0x0000002c   Code   RO          200    .text               c_t.l(_printf_char_file.o)
    0x00101010   0x00000074   Code   RO          203    .text               c_t.l(strtol.o)
    0x00101084   0x00000004   Ven    RO          205    .text               c_t.l(rtudiv10.o)
    0x00101088   0x0000002c   Code   RO          205    .text               c_t.l(rtudiv10.o)
    0x001010b4   0x0000000c   Code   RO          214    .text               c_t.l(libspace.o)
    0x001010c0   0x00000004   Ven    RO          232    .text               c_t.l(rt_ctype_table.o)
    0x001010c4   0x00000018   Code   RO          232    .text               c_t.l(rt_ctype_table.o)
    0x001010dc   0x00000004   Ven    RO          237    .text               c_t.l(rt_locale_intlibspace.o)
    0x001010e0   0x0000000c   Code   RO          237    .text               c_t.l(rt_locale_intlibspace.o)
    0x001010ec   0x00000004   Ven    RO          239    .text               c_t.l(lludiv10.o)
    0x001010f0   0x000000a0   Code   RO          239    .text               c_t.l(lludiv10.o)
    0x00101190   0x00000030   Code   RO          241    .text               c_t.l(_printf_char_common.o)
    0x001011c0   0x00000090   Code   RO          243    .text               c_t.l(_printf_fp_infnan.o)
    0x00101250   0x000000ac   Code   RO          245    .text               c_t.l(_strtoul.o)
    0x001012fc   0x000000d8   Code   RO          247    .text               c_t.l(bigflt0.o)
    0x001013d4   0x00000060   Code   RO          279    .text               c_t.l(sys_stackheap_outer.o)
    0x00101434   0x0000001e   Code   RO          287    .text               c_t.l(_chval.o)
    0x00101452   0x0000000c   Code   RO          292    .text               c_t.l(exit.o)
    0x0010145e   0x00000002   PAD
    0x00101460   0x000000a0   Code   RO          294    .text               c_t.l(strcmp.o)
    0x00101500   0x00000004   Ven    RO          296    .text               c_t.l(aeabi_sdiv.o)
    0x00101504   0x00000180   Code   RO          296    .text               c_t.l(aeabi_sdiv.o)
    0x00101684   0x00000004   Ven    RO          250    CL$$btod_d2e        c_t.l(btod.o)
    0x00101688   0x00000038   Code   RO          250    CL$$btod_d2e        c_t.l(btod.o)
    0x001016c0   0x00000054   Code   RO          252    CL$$btod_d2e_denorm_low  c_t.l(btod.o)
    0x00101714   0x00000068   Code   RO          251    CL$$btod_d2e_norm_op1  c_t.l(btod.o)
    0x0010177c   0x0000034c   Code   RO          260    CL$$btod_div_common  c_t.l(btod.o)
    0x00101ac8   0x000000dc   Code   RO          257    CL$$btod_e2e        c_t.l(btod.o)
    0x00101ba4   0x00000004   Ven    RO          254    CL$$btod_ediv       c_t.l(btod.o)
    0x00101ba8   0x00000034   Code   RO          254    CL$$btod_ediv       c_t.l(btod.o)
    0x00101bdc   0x00000004   Ven    RO          253    CL$$btod_emul       c_t.l(btod.o)
    0x00101be0   0x00000034   Code   RO          253    CL$$btod_emul       c_t.l(btod.o)
    0x00101c14   0x00000268   Code   RO          259    CL$$btod_mult_common  c_t.l(btod.o)
    0x00101e7c   0x000000f4   Code   RO           93    COMPORT             usart0_solution.o
    0x00101f70   0x0000049c   Code   RO           90    EXAMPLE             assembly_exp1_solution.o
    0x0010240c   0x00000090   Code   RO          100    TEMPCON             temp.o
    0x0010249c   0x00000180   Code   RO           97    TWIPORT             twi.o
    0x0010261c   0x00000008   Ven    RO          472    Veneer$$Code        anon$$obj.o
    0x00102624   0x0000000c   Ven    RO          473    Veneer$$Code        anon$$obj.o
    0x00102630   0x00000002   Code   RO          115    i.__ARM_common_call_via_r1  c_t.l(__printf.o)
    0x00102632   0x00000002   Code   RO          113    i.__ARM_common_call_via_r2  c_t.l(__printf.o)
    0x00102634   0x00000004   Ven    RO          277    i.__ARM_fpclassify  m_ts.l(fpclassify.o)
    0x00102638   0x00000030   Code   RO          277    i.__ARM_fpclassify  m_ts.l(fpclassify.o)
    0x00102668   0x0000000e   Code   RO          152    i._is_digit         c_t.l(__printf_wp.o)
    0x00102676   0x00000002   PAD
    0x00102678   0x00000004   Ven    RO          273    locale$$code        c_t.l(lc_numeric_c.o)
    0x0010267c   0x00000050   Code   RO          273    locale$$code        c_t.l(lc_numeric_c.o)
    0x001026cc   0x00000004   Ven    RO          290    locale$$code        c_t.l(lc_ctype_c.o)
    0x001026d0   0x00000050   Code   RO          290    locale$$code        c_t.l(lc_ctype_c.o)
    0x00102720   0x00000010   Code   RO          207    x$fpl$dretinf       fz_ts.l(dretinf.o)
    0x00102730   0x00000064   Code   RO          172    x$fpl$f2d           fz_ts.l(f2d.o)
    0x00102794   0x000000c4   Code   RO          174    x$fpl$fadd          fz_ts.l(faddsub_noclz.o)
    0x00102858   0x00000190   Code   RO          181    x$fpl$fdiv          fz_ts.l(fdiv.o)
    0x001029e8   0x0000005c   Code   RO          185    x$fpl$fflt          fz_ts.l(fflt_noclz.o)
    0x00102a44   0x00000008   Code   RO          184    x$fpl$ffltu         fz_ts.l(fflt_noclz.o)
    0x00102a4c   0x000000a8   Code   RO          209    x$fpl$fnaninf       fz_ts.l(fnaninf.o)
    0x00102af4   0x00000010   Code   RO          211    x$fpl$fretinf       fz_ts.l(fretinf.o)
    0x00102b04   0x00000130   Code   RO          176    x$fpl$fsub          fz_ts.l(faddsub_noclz.o)
    0x00102c34   0x00000004   Ven    RO          275    x$fpl$ieeestatus    fz_ts.l(istatus.o)
    0x00102c38   0x00000008   Code   RO          275    x$fpl$ieeestatus    fz_ts.l(istatus.o)
    0x00102c40   0x00000004   Code   RO          188    x$fpl$printf1       fz_ts.l(printf1.o)
    0x00102c44   0x00000000   Code   RO          213    x$fpl$usenofp       fz_ts.l(usenofp.o)
    0x00102c44   0x00000028   Data   RO          125    .constdata          c_t.l(_printf_hex_int.o)
    0x00102c6c   0x00000094   Data   RO          248    .constdata          c_t.l(bigflt0.o)
    0x00102d00   0x00000020   Data   RO          443    Region$$Table       anon$$obj.o
    0x00102d20   0x0000001c   Data   RO          272    locale$$data        c_t.l(lc_numeric_c.o)
    0x00102d3c   0x00000110   Data   RO          289    locale$$data        c_t.l(lc_ctype_c.o)


    Execution Region RW_IRAM1 (Base: 0x00200000, Size: 0x000004f8, Max: 0x00008000, ABSOLUTE)

    Base Addr    Size         Type   Attr      Idx    E Section Name        Object

    0x00200000   0x00000004   Data   RW           68    .data               retarget_solution.o
    0x00200004   0x0000000c   Data   RW           89    VARIABLES           assembly_exp1_solution.o
    0x00200010   0x00000060   Zero   RW          215    .bss                c_t.l(libspace.o)
    0x00200070   0x00000000   Zero   RW            2    HEAP                sam7.o
    0x00200070   0x00000488   Zero   RW            1    STACK               sam7.o


==============================================================================

Image component sizes


      Code (inc. data)   RO Data    RW Data    ZI Data      Debug   Object Name

      1180         28          0         12          0        504   assembly_exp1_solution.o
      1144        408          0          0          0       2455   experiment_2.o
       212          0          0          0          0        620   input_integer.o
        72          0          0          4          0       2572   retarget_solution.o
       368         84          0          0       1160        428   sam7.o
       144          8          0          0          0        184   temp.o
       384         16          0          0          0        244   twi.o
       244         16          0          0          0        232   usart0_solution.o

    ----------------------------------------------------------------------
      3768        564         32         16       1160       7239   Object Totals
        20          4         32          0          0          0   (incl. Generated)
         0          0          0          0          0          0   (incl. Padding)

    ----------------------------------------------------------------------

      Code (inc. data)   RO Data    RW Data    ZI Data      Debug   Library Member Name

         8          0          0          0          0         68   __main.o
         4          0          0          0          0        120   __printf.o
       300          0          0          0          0        152   __printf_wp.o
        60          8          0          0          0          0   __scatter.o
        40          0          0          0          0          0   __scatter_copy.o
        44          0          0          0          0          0   __scatter_zi.o
        30          0          0          0          0         60   _chval.o
        48          4          0          0          0         96   _printf_char_common.o
        44          6          0          0          0         88   _printf_char_file.o
       120         18          0          0          0         88   _printf_dec.o
         8          0          0          0          0          0   _printf_f.o
      1056         14          0          0          0        188   _printf_fp_dec.o
       144         16          0          0          0         88   _printf_fp_infnan.o
       100          4         40          0          0         84   _printf_hex_int.o
       186          0          0          0          0         96   _printf_intcommon.o
        86          0          0          0          0        116   _printf_pad.o
         4          0          0          0          0          0   _printf_percent.o
         8          0          0          0          0          0   _printf_percent_end.o
         8          0          0          0          0          0   _printf_u.o
         8          0          0          0          0          0   _printf_x.o
       172          0          0          0          0         96   _strtoul.o
       388          0          0          0          0         80   aeabi_sdiv.o
        38          0          0          0          0         84   atoi.o
       216          6        148          0          0         96   bigflt0.o
      2040        128          0          0          0        692   btod.o
        12          0          0          0          0         64   exit.o
         6          0          0          0          0        136   heapauxi.o
        84          8        272          0          0         92   lc_ctype_c.o
        84          8         28          0          0         92   lc_numeric_c.o
        10          0          0          0          0          0   libinit.o
        40          0          0          0          0          0   libinit2.o
        12          0          0          0          0          0   libshutdown.o
         6          0          0          0          0          0   libshutdown2.o
        12          4          0          0         96         68   libspace.o
       164          0          0          0          0         96   lludiv10.o
        36          6          0          0          0         84   noretval__2printf.o
        28          4          0          0          0         84   rt_ctype_table.o
        16          4          0          0          0         68   rt_errno_addr_intlibspace.o
        16          4          0          0          0         68   rt_locale_intlibspace.o
         0          0          0          0          0          0   rtentry.o
        44          4          0          0          0          0   rtentry2.o
         8          0          0          0          0          0   rtentry4.o
         8          0          0          0          0          0   rtexit.o
        12          0          0          0          0          0   rtexit2.o
        48          0          0          0          0         68   rtudiv10.o
       160          4          0          0          0         80   strcmp.o
       116          4          0          0          0         92   strtol.o
        96          0          0          0          0         80   sys_stackheap_outer.o
         4          0          0          0          0         68   use_no_semi.o
        16          0          0          0          0         68   dretinf.o
       100          4          0          0          0         84   f2d.o
       500          8          0          0          0        168   faddsub_noclz.o
       400         76          0          0          0         96   fdiv.o
       100          0          0          0          0        136   fflt_noclz.o
       168          0          0          0          0         96   fnaninf.o
        16          0          0          0          0         68   fretinf.o
        12          0          0          0          0         68   istatus.o
         4          0          0          0          0         68   printf1.o
         0          0          0          0          0          0   usenofp.o
        52          0          0          0          0         68   fpclassify.o

    ----------------------------------------------------------------------
      7564        342        488          0         96       4452   Library Totals
        14          0          0          0          0          0   (incl. Padding)

    ----------------------------------------------------------------------

      Code (inc. data)   RO Data    RW Data    ZI Data      Debug   Library Name

      6182        254        488          0         96       3532   c_t.l
      1316         88          0          0          0        852   fz_ts.l
        52          0          0          0          0         68   m_ts.l

    ----------------------------------------------------------------------
      7564        342        488          0         96       4452   Library Totals

    ----------------------------------------------------------------------

==============================================================================


      Code (inc. data)   RO Data    RW Data    ZI Data      Debug   

     11332        906        520         16       1256       9043   Grand Totals
     11332        906        520         16       1256       9043   ELF Image Totals
     11332        906        520         16          0          0   ROM Totals

==============================================================================

    Total RO  Size (Code + RO Data)                11852 (  11.57kB)
    Total RW  Size (RW Data + ZI Data)              1272 (   1.24kB)
    Total ROM Size (Code + RO Data + RW Data)      11868 (  11.59kB)

==============================================================================

