<html>
<body>
<pre>
<h1>µVision Build Log</h1>
<h2>Project:</h2>
S:\CpE5151Lab\Experiment 2\Exp_2.uvproj
Project File Date:  04/03/2019

<h2>Output:</h2>
Rebuild target 'Target 1'
assembling SAM7.s...
compiling Experiment_2.c...
compiling Input_Integer.c...
compiling retarget_solution.c...
assembling Assembly_Exp1_solution.s...
assembling USART0_solution.s...
assembling TWI.s...
assembling temp.s...
linking...
Program Size: Code=11332 RO-data=520 RW-data=16 ZI-data=1256  
".\Exp_2.axf" - 0 Error(s), 0 Warning(s).
Load "S:\\CpE5151Lab\\Experiment 2\\Exp_2.axf" 
Programming Done.
Verify OK.
ata=344 RW-data=16 ZI-data=1256  
".\Exp_2.axf" - 0 Error(s), 1 Warning(s).
Load "S:\\CpE5151Lab\\Experiment 2\\Exp_2.axf" 
Programming Done.
Verify OK.

Verify OK.
ata=1256  
".\Exp_2.axf" - 0 Error(s), 2 Warning(s).
Load "S:\\CpE5151Lab\\Experiment 2\\Exp_2.axf" 
Programming Done.
Verify OK.
data=1256  
".\Exp_2.axf" - 0 Error(s), 3 Warning(s).
Load "S:\\CpE5151Lab\\Experiment 2\\Exp_2.axf" 
Programming Done.
Cannot Write to RAM for Flash Algorithms !
Verify Failed!
Error: Flash Download failed  -  ARM7TDMI
Load "S:\\CpE5151Lab\\Experiment 2\\Exp_2.axf" 
Programming Done.
Verify OK.
