<html>
<body>
<pre>
<h1>µVision Build Log</h1>
<h2>Project:</h2>
S:\CpE5151Lab\Experiment2\Exp_2.uvproj
Project File Date:  04/02/2019

<h2>Output:</h2>
Rebuild target 'Target 1'
assembling SAM7.s...
compiling Experiment_2.c...
Experiment_2.c(34): warning:  #177-D: variable "input" was declared but never referenced
        unsigned int input;
Experiment_2.c(35): warning:  #177-D: variable "hello" was declared but never referenced
        unsigned int hello;
Experiment_2.c: 2 warnings, 0 errors
compiling Input_Integer.c...
compiling retarget_solution.c...
assembling Assembly_Exp1_solution.s...
assembling TWI_example.s...
assembling USART0_solution.s...
linking...
Program Size: Code=3452 RO-data=32 RW-data=16 ZI-data=1256  
".\Exp_2.axf" - 0 Error(s), 2 Warning(s).
Load "S:\\CpE5151Lab\\Experiment2\\Exp_2.axf" 
Programming Done.
Verify OK.
 error:  #169: expected a declaration
  }
Experiment_2.c: 4 warnings, 2 errors
compiling Input_Integer.c...
compiling retarget_solution.c...
assembling Assembly_Exp1_solution.s...
assembling TWI_example.s...
assembling USART0_solution.s...
".\Exp_2.axf" - 2 Error(s), 4 Warning(s).
Target not created
 OK.
